<?xml version="1.0" encoding="ISO-8859-1" ?>
<link_info>
   <banner>MSP430 Linker Unix v18.1.1.LTS</banner>
   <copyright>Copyright (c) 2003-2017 Texas Instruments Incorporated</copyright>
   <link_time>0x5ad0b1a9</link_time>
   <link_errors>0x0</link_errors>
   <output_file>powercast_ar.out</output_file>
   <entry_point>
      <name>_c_int00_noargs_mpu</name>
      <address>0x64fe</address>
   </entry_point>
   <input_file_list>
      <input_file id="fl-2">
         <path>./</path>
         <kind>object</kind>
         <file>adxl345_i2c_lib.obj</file>
         <name>adxl345_i2c_lib.obj</name>
      </input_file>
      <input_file id="fl-3">
         <path>./</path>
         <kind>object</kind>
         <file>app_intrinsics.obj</file>
         <name>app_intrinsics.obj</name>
      </input_file>
      <input_file id="fl-4">
         <path>./</path>
         <kind>object</kind>
         <file>appinit.obj</file>
         <name>appinit.obj</name>
      </input_file>
      <input_file id="fl-5">
         <path>./</path>
         <kind>object</kind>
         <file>avg_filter.obj</file>
         <name>avg_filter.obj</name>
      </input_file>
      <input_file id="fl-6">
         <path>./</path>
         <kind>object</kind>
         <file>interrupts.obj</file>
         <name>interrupts.obj</name>
      </input_file>
      <input_file id="fl-7">
         <path>./</path>
         <kind>object</kind>
         <file>thread1.obj</file>
         <name>thread1.obj</name>
      </input_file>
      <input_file id="fl-8">
         <path>./</path>
         <kind>object</kind>
         <file>thread2.obj</file>
         <name>thread2.obj</name>
      </input_file>
      <input_file id="fl-9">
         <path>./</path>
         <kind>object</kind>
         <file>thread3.obj</file>
         <name>thread3.obj</name>
      </input_file>
      <input_file id="fl-a">
         <path>./</path>
         <kind>object</kind>
         <file>thread4.obj</file>
         <name>thread4.obj</name>
      </input_file>
      <input_file id="fl-b">
         <path>./dsplib/source/filter/</path>
         <kind>object</kind>
         <file>msp_biquad_cascade_df1_q15.obj</file>
         <name>msp_biquad_cascade_df1_q15.obj</name>
      </input_file>
      <input_file id="fl-c">
         <path>./dsplib/source/filter/</path>
         <kind>object</kind>
         <file>msp_biquad_cascade_df2_ext_q15.obj</file>
         <name>msp_biquad_cascade_df2_ext_q15.obj</name>
      </input_file>
      <input_file id="fl-d">
         <path>./dsplib/source/filter/</path>
         <kind>object</kind>
         <file>msp_biquad_cascade_df2_q15.obj</file>
         <name>msp_biquad_cascade_df2_q15.obj</name>
      </input_file>
      <input_file id="fl-e">
         <path>./dsplib/source/filter/</path>
         <kind>object</kind>
         <file>msp_biquad_df1_q15.obj</file>
         <name>msp_biquad_df1_q15.obj</name>
      </input_file>
      <input_file id="fl-f">
         <path>./dsplib/source/filter/</path>
         <kind>object</kind>
         <file>msp_biquad_df2_ext_q15.obj</file>
         <name>msp_biquad_df2_ext_q15.obj</name>
      </input_file>
      <input_file id="fl-10">
         <path>./dsplib/source/filter/</path>
         <kind>object</kind>
         <file>msp_biquad_df2_q15.obj</file>
         <name>msp_biquad_df2_q15.obj</name>
      </input_file>
      <input_file id="fl-11">
         <path>./dsplib/source/filter/</path>
         <kind>object</kind>
         <file>msp_cmplx_fir_iq31.obj</file>
         <name>msp_cmplx_fir_iq31.obj</name>
      </input_file>
      <input_file id="fl-12">
         <path>./dsplib/source/filter/</path>
         <kind>object</kind>
         <file>msp_cmplx_fir_q15.obj</file>
         <name>msp_cmplx_fir_q15.obj</name>
      </input_file>
      <input_file id="fl-13">
         <path>./dsplib/source/filter/</path>
         <kind>object</kind>
         <file>msp_fir_iq31.obj</file>
         <name>msp_fir_iq31.obj</name>
      </input_file>
      <input_file id="fl-14">
         <path>./dsplib/source/filter/</path>
         <kind>object</kind>
         <file>msp_fir_q15.obj</file>
         <name>msp_fir_q15.obj</name>
      </input_file>
      <input_file id="fl-15">
         <path>./dsplib/source/lea/</path>
         <kind>object</kind>
         <file>msp_lea_flags.obj</file>
         <name>msp_lea_flags.obj</name>
      </input_file>
      <input_file id="fl-16">
         <path>./dsplib/source/lea/</path>
         <kind>object</kind>
         <file>msp_lea_init.obj</file>
         <name>msp_lea_init.obj</name>
      </input_file>
      <input_file id="fl-17">
         <path>./dsplib/source/lea/</path>
         <kind>object</kind>
         <file>msp_lea_isr.obj</file>
         <name>msp_lea_isr.obj</name>
      </input_file>
      <input_file id="fl-18">
         <path>./dsplib/source/lea/</path>
         <kind>object</kind>
         <file>msp_lea_patch.obj</file>
         <name>msp_lea_patch.obj</name>
      </input_file>
      <input_file id="fl-19">
         <path>./dsplib/source/matrix/</path>
         <kind>object</kind>
         <file>msp_matrix_abs_iq31.obj</file>
         <name>msp_matrix_abs_iq31.obj</name>
      </input_file>
      <input_file id="fl-1a">
         <path>./dsplib/source/matrix/</path>
         <kind>object</kind>
         <file>msp_matrix_abs_q15.obj</file>
         <name>msp_matrix_abs_q15.obj</name>
      </input_file>
      <input_file id="fl-1b">
         <path>./dsplib/source/matrix/</path>
         <kind>object</kind>
         <file>msp_matrix_add_iq31.obj</file>
         <name>msp_matrix_add_iq31.obj</name>
      </input_file>
      <input_file id="fl-1c">
         <path>./dsplib/source/matrix/</path>
         <kind>object</kind>
         <file>msp_matrix_add_q15.obj</file>
         <name>msp_matrix_add_q15.obj</name>
      </input_file>
      <input_file id="fl-1d">
         <path>./dsplib/source/matrix/</path>
         <kind>object</kind>
         <file>msp_matrix_mpy_iq31.obj</file>
         <name>msp_matrix_mpy_iq31.obj</name>
      </input_file>
      <input_file id="fl-1e">
         <path>./dsplib/source/matrix/</path>
         <kind>object</kind>
         <file>msp_matrix_mpy_q15.obj</file>
         <name>msp_matrix_mpy_q15.obj</name>
      </input_file>
      <input_file id="fl-1f">
         <path>./dsplib/source/matrix/</path>
         <kind>object</kind>
         <file>msp_matrix_neg_iq31.obj</file>
         <name>msp_matrix_neg_iq31.obj</name>
      </input_file>
      <input_file id="fl-20">
         <path>./dsplib/source/matrix/</path>
         <kind>object</kind>
         <file>msp_matrix_neg_q15.obj</file>
         <name>msp_matrix_neg_q15.obj</name>
      </input_file>
      <input_file id="fl-21">
         <path>./dsplib/source/matrix/</path>
         <kind>object</kind>
         <file>msp_matrix_offset_iq31.obj</file>
         <name>msp_matrix_offset_iq31.obj</name>
      </input_file>
      <input_file id="fl-22">
         <path>./dsplib/source/matrix/</path>
         <kind>object</kind>
         <file>msp_matrix_offset_q15.obj</file>
         <name>msp_matrix_offset_q15.obj</name>
      </input_file>
      <input_file id="fl-23">
         <path>./dsplib/source/matrix/</path>
         <kind>object</kind>
         <file>msp_matrix_scale_iq31.obj</file>
         <name>msp_matrix_scale_iq31.obj</name>
      </input_file>
      <input_file id="fl-24">
         <path>./dsplib/source/matrix/</path>
         <kind>object</kind>
         <file>msp_matrix_scale_q15.obj</file>
         <name>msp_matrix_scale_q15.obj</name>
      </input_file>
      <input_file id="fl-25">
         <path>./dsplib/source/matrix/</path>
         <kind>object</kind>
         <file>msp_matrix_shift_iq31.obj</file>
         <name>msp_matrix_shift_iq31.obj</name>
      </input_file>
      <input_file id="fl-26">
         <path>./dsplib/source/matrix/</path>
         <kind>object</kind>
         <file>msp_matrix_shift_q15.obj</file>
         <name>msp_matrix_shift_q15.obj</name>
      </input_file>
      <input_file id="fl-27">
         <path>./dsplib/source/matrix/</path>
         <kind>object</kind>
         <file>msp_matrix_sub_iq31.obj</file>
         <name>msp_matrix_sub_iq31.obj</name>
      </input_file>
      <input_file id="fl-28">
         <path>./dsplib/source/matrix/</path>
         <kind>object</kind>
         <file>msp_matrix_sub_q15.obj</file>
         <name>msp_matrix_sub_q15.obj</name>
      </input_file>
      <input_file id="fl-29">
         <path>./dsplib/source/matrix/</path>
         <kind>object</kind>
         <file>msp_matrix_trans_iq31.obj</file>
         <name>msp_matrix_trans_iq31.obj</name>
      </input_file>
      <input_file id="fl-2a">
         <path>./dsplib/source/matrix/</path>
         <kind>object</kind>
         <file>msp_matrix_trans_q15.obj</file>
         <name>msp_matrix_trans_q15.obj</name>
      </input_file>
      <input_file id="fl-2b">
         <path>./dsplib/source/transform/</path>
         <kind>object</kind>
         <file>msp_cmplx_bitrev_iq31.obj</file>
         <name>msp_cmplx_bitrev_iq31.obj</name>
      </input_file>
      <input_file id="fl-2c">
         <path>./dsplib/source/transform/</path>
         <kind>object</kind>
         <file>msp_cmplx_bitrev_q15.obj</file>
         <name>msp_cmplx_bitrev_q15.obj</name>
      </input_file>
      <input_file id="fl-2d">
         <path>./dsplib/source/transform/</path>
         <kind>object</kind>
         <file>msp_cmplx_fft_auto_q15.obj</file>
         <name>msp_cmplx_fft_auto_q15.obj</name>
      </input_file>
      <input_file id="fl-2e">
         <path>./dsplib/source/transform/</path>
         <kind>object</kind>
         <file>msp_cmplx_fft_fixed_q15.obj</file>
         <name>msp_cmplx_fft_fixed_q15.obj</name>
      </input_file>
      <input_file id="fl-2f">
         <path>./dsplib/source/transform/</path>
         <kind>object</kind>
         <file>msp_cmplx_fft_iq31.obj</file>
         <name>msp_cmplx_fft_iq31.obj</name>
      </input_file>
      <input_file id="fl-30">
         <path>./dsplib/source/transform/</path>
         <kind>object</kind>
         <file>msp_cmplx_ifft_auto_q15.obj</file>
         <name>msp_cmplx_ifft_auto_q15.obj</name>
      </input_file>
      <input_file id="fl-31">
         <path>./dsplib/source/transform/</path>
         <kind>object</kind>
         <file>msp_cmplx_ifft_fixed_q15.obj</file>
         <name>msp_cmplx_ifft_fixed_q15.obj</name>
      </input_file>
      <input_file id="fl-32">
         <path>./dsplib/source/transform/</path>
         <kind>object</kind>
         <file>msp_cmplx_ifft_iq31.obj</file>
         <name>msp_cmplx_ifft_iq31.obj</name>
      </input_file>
      <input_file id="fl-33">
         <path>./dsplib/source/transform/</path>
         <kind>object</kind>
         <file>msp_fft_auto_q15.obj</file>
         <name>msp_fft_auto_q15.obj</name>
      </input_file>
      <input_file id="fl-34">
         <path>./dsplib/source/transform/</path>
         <kind>object</kind>
         <file>msp_fft_fixed_q15.obj</file>
         <name>msp_fft_fixed_q15.obj</name>
      </input_file>
      <input_file id="fl-35">
         <path>./dsplib/source/transform/</path>
         <kind>object</kind>
         <file>msp_fft_iq31.obj</file>
         <name>msp_fft_iq31.obj</name>
      </input_file>
      <input_file id="fl-36">
         <path>./dsplib/source/transform/</path>
         <kind>object</kind>
         <file>msp_ifft_auto_q15.obj</file>
         <name>msp_ifft_auto_q15.obj</name>
      </input_file>
      <input_file id="fl-37">
         <path>./dsplib/source/transform/</path>
         <kind>object</kind>
         <file>msp_ifft_fixed_q15.obj</file>
         <name>msp_ifft_fixed_q15.obj</name>
      </input_file>
      <input_file id="fl-38">
         <path>./dsplib/source/transform/</path>
         <kind>object</kind>
         <file>msp_ifft_iq31.obj</file>
         <name>msp_ifft_iq31.obj</name>
      </input_file>
      <input_file id="fl-39">
         <path>./dsplib/source/transform/</path>
         <kind>object</kind>
         <file>msp_split_iq31.obj</file>
         <name>msp_split_iq31.obj</name>
      </input_file>
      <input_file id="fl-3a">
         <path>./dsplib/source/transform/</path>
         <kind>object</kind>
         <file>msp_split_q15.obj</file>
         <name>msp_split_q15.obj</name>
      </input_file>
      <input_file id="fl-3b">
         <path>./dsplib/source/transform/</path>
         <kind>object</kind>
         <file>msp_transform_tables.obj</file>
         <name>msp_transform_tables.obj</name>
      </input_file>
      <input_file id="fl-3c">
         <path>./dsplib/source/utility/</path>
         <kind>object</kind>
         <file>msp_cmplx_fill_iq31.obj</file>
         <name>msp_cmplx_fill_iq31.obj</name>
      </input_file>
      <input_file id="fl-3d">
         <path>./dsplib/source/utility/</path>
         <kind>object</kind>
         <file>msp_cmplx_fill_q15.obj</file>
         <name>msp_cmplx_fill_q15.obj</name>
      </input_file>
      <input_file id="fl-3e">
         <path>./dsplib/source/utility/</path>
         <kind>object</kind>
         <file>msp_cmplx_iq31.obj</file>
         <name>msp_cmplx_iq31.obj</name>
      </input_file>
      <input_file id="fl-3f">
         <path>./dsplib/source/utility/</path>
         <kind>object</kind>
         <file>msp_cmplx_q15.obj</file>
         <name>msp_cmplx_q15.obj</name>
      </input_file>
      <input_file id="fl-40">
         <path>./dsplib/source/utility/</path>
         <kind>object</kind>
         <file>msp_copy_iq31.obj</file>
         <name>msp_copy_iq31.obj</name>
      </input_file>
      <input_file id="fl-41">
         <path>./dsplib/source/utility/</path>
         <kind>object</kind>
         <file>msp_copy_q15.obj</file>
         <name>msp_copy_q15.obj</name>
      </input_file>
      <input_file id="fl-42">
         <path>./dsplib/source/utility/</path>
         <kind>object</kind>
         <file>msp_deinterleave_iq31.obj</file>
         <name>msp_deinterleave_iq31.obj</name>
      </input_file>
      <input_file id="fl-43">
         <path>./dsplib/source/utility/</path>
         <kind>object</kind>
         <file>msp_deinterleave_q15.obj</file>
         <name>msp_deinterleave_q15.obj</name>
      </input_file>
      <input_file id="fl-44">
         <path>./dsplib/source/utility/</path>
         <kind>object</kind>
         <file>msp_fill_iq31.obj</file>
         <name>msp_fill_iq31.obj</name>
      </input_file>
      <input_file id="fl-45">
         <path>./dsplib/source/utility/</path>
         <kind>object</kind>
         <file>msp_fill_q15.obj</file>
         <name>msp_fill_q15.obj</name>
      </input_file>
      <input_file id="fl-46">
         <path>./dsplib/source/utility/</path>
         <kind>object</kind>
         <file>msp_interleave_iq31.obj</file>
         <name>msp_interleave_iq31.obj</name>
      </input_file>
      <input_file id="fl-47">
         <path>./dsplib/source/utility/</path>
         <kind>object</kind>
         <file>msp_interleave_q15.obj</file>
         <name>msp_interleave_q15.obj</name>
      </input_file>
      <input_file id="fl-48">
         <path>./dsplib/source/utility/</path>
         <kind>object</kind>
         <file>msp_iq31_to_q15.obj</file>
         <name>msp_iq31_to_q15.obj</name>
      </input_file>
      <input_file id="fl-49">
         <path>./dsplib/source/utility/</path>
         <kind>object</kind>
         <file>msp_q15_to_iq31.obj</file>
         <name>msp_q15_to_iq31.obj</name>
      </input_file>
      <input_file id="fl-4a">
         <path>./dsplib/source/utility/</path>
         <kind>object</kind>
         <file>msp_sinusoid_q15.obj</file>
         <name>msp_sinusoid_q15.obj</name>
      </input_file>
      <input_file id="fl-4b">
         <path>./dsplib/source/vector/</path>
         <kind>object</kind>
         <file>msp_abs_iq31.obj</file>
         <name>msp_abs_iq31.obj</name>
      </input_file>
      <input_file id="fl-4c">
         <path>./dsplib/source/vector/</path>
         <kind>object</kind>
         <file>msp_abs_q15.obj</file>
         <name>msp_abs_q15.obj</name>
      </input_file>
      <input_file id="fl-4d">
         <path>./dsplib/source/vector/</path>
         <kind>object</kind>
         <file>msp_add_iq31.obj</file>
         <name>msp_add_iq31.obj</name>
      </input_file>
      <input_file id="fl-4e">
         <path>./dsplib/source/vector/</path>
         <kind>object</kind>
         <file>msp_add_q15.obj</file>
         <name>msp_add_q15.obj</name>
      </input_file>
      <input_file id="fl-4f">
         <path>./dsplib/source/vector/</path>
         <kind>object</kind>
         <file>msp_cmplx_add_iq31.obj</file>
         <name>msp_cmplx_add_iq31.obj</name>
      </input_file>
      <input_file id="fl-50">
         <path>./dsplib/source/vector/</path>
         <kind>object</kind>
         <file>msp_cmplx_add_q15.obj</file>
         <name>msp_cmplx_add_q15.obj</name>
      </input_file>
      <input_file id="fl-51">
         <path>./dsplib/source/vector/</path>
         <kind>object</kind>
         <file>msp_cmplx_conj_iq31.obj</file>
         <name>msp_cmplx_conj_iq31.obj</name>
      </input_file>
      <input_file id="fl-52">
         <path>./dsplib/source/vector/</path>
         <kind>object</kind>
         <file>msp_cmplx_conj_q15.obj</file>
         <name>msp_cmplx_conj_q15.obj</name>
      </input_file>
      <input_file id="fl-53">
         <path>./dsplib/source/vector/</path>
         <kind>object</kind>
         <file>msp_cmplx_mac_iq31.obj</file>
         <name>msp_cmplx_mac_iq31.obj</name>
      </input_file>
      <input_file id="fl-54">
         <path>./dsplib/source/vector/</path>
         <kind>object</kind>
         <file>msp_cmplx_mac_q15.obj</file>
         <name>msp_cmplx_mac_q15.obj</name>
      </input_file>
      <input_file id="fl-55">
         <path>./dsplib/source/vector/</path>
         <kind>object</kind>
         <file>msp_cmplx_mpy_iq31.obj</file>
         <name>msp_cmplx_mpy_iq31.obj</name>
      </input_file>
      <input_file id="fl-56">
         <path>./dsplib/source/vector/</path>
         <kind>object</kind>
         <file>msp_cmplx_mpy_q15.obj</file>
         <name>msp_cmplx_mpy_q15.obj</name>
      </input_file>
      <input_file id="fl-57">
         <path>./dsplib/source/vector/</path>
         <kind>object</kind>
         <file>msp_cmplx_mpy_real_iq31.obj</file>
         <name>msp_cmplx_mpy_real_iq31.obj</name>
      </input_file>
      <input_file id="fl-58">
         <path>./dsplib/source/vector/</path>
         <kind>object</kind>
         <file>msp_cmplx_mpy_real_q15.obj</file>
         <name>msp_cmplx_mpy_real_q15.obj</name>
      </input_file>
      <input_file id="fl-59">
         <path>./dsplib/source/vector/</path>
         <kind>object</kind>
         <file>msp_cmplx_scale_iq31.obj</file>
         <name>msp_cmplx_scale_iq31.obj</name>
      </input_file>
      <input_file id="fl-5a">
         <path>./dsplib/source/vector/</path>
         <kind>object</kind>
         <file>msp_cmplx_scale_q15.obj</file>
         <name>msp_cmplx_scale_q15.obj</name>
      </input_file>
      <input_file id="fl-5b">
         <path>./dsplib/source/vector/</path>
         <kind>object</kind>
         <file>msp_cmplx_shift_iq31.obj</file>
         <name>msp_cmplx_shift_iq31.obj</name>
      </input_file>
      <input_file id="fl-5c">
         <path>./dsplib/source/vector/</path>
         <kind>object</kind>
         <file>msp_cmplx_shift_q15.obj</file>
         <name>msp_cmplx_shift_q15.obj</name>
      </input_file>
      <input_file id="fl-5d">
         <path>./dsplib/source/vector/</path>
         <kind>object</kind>
         <file>msp_cmplx_sub_iq31.obj</file>
         <name>msp_cmplx_sub_iq31.obj</name>
      </input_file>
      <input_file id="fl-5e">
         <path>./dsplib/source/vector/</path>
         <kind>object</kind>
         <file>msp_cmplx_sub_q15.obj</file>
         <name>msp_cmplx_sub_q15.obj</name>
      </input_file>
      <input_file id="fl-5f">
         <path>./dsplib/source/vector/</path>
         <kind>object</kind>
         <file>msp_mac_iq31.obj</file>
         <name>msp_mac_iq31.obj</name>
      </input_file>
      <input_file id="fl-60">
         <path>./dsplib/source/vector/</path>
         <kind>object</kind>
         <file>msp_mac_q15.obj</file>
         <name>msp_mac_q15.obj</name>
      </input_file>
      <input_file id="fl-61">
         <path>./dsplib/source/vector/</path>
         <kind>object</kind>
         <file>msp_max_iq31.obj</file>
         <name>msp_max_iq31.obj</name>
      </input_file>
      <input_file id="fl-62">
         <path>./dsplib/source/vector/</path>
         <kind>object</kind>
         <file>msp_max_q15.obj</file>
         <name>msp_max_q15.obj</name>
      </input_file>
      <input_file id="fl-63">
         <path>./dsplib/source/vector/</path>
         <kind>object</kind>
         <file>msp_max_uq15.obj</file>
         <name>msp_max_uq15.obj</name>
      </input_file>
      <input_file id="fl-64">
         <path>./dsplib/source/vector/</path>
         <kind>object</kind>
         <file>msp_max_uq31.obj</file>
         <name>msp_max_uq31.obj</name>
      </input_file>
      <input_file id="fl-65">
         <path>./dsplib/source/vector/</path>
         <kind>object</kind>
         <file>msp_min_iq31.obj</file>
         <name>msp_min_iq31.obj</name>
      </input_file>
      <input_file id="fl-66">
         <path>./dsplib/source/vector/</path>
         <kind>object</kind>
         <file>msp_min_q15.obj</file>
         <name>msp_min_q15.obj</name>
      </input_file>
      <input_file id="fl-67">
         <path>./dsplib/source/vector/</path>
         <kind>object</kind>
         <file>msp_min_uq15.obj</file>
         <name>msp_min_uq15.obj</name>
      </input_file>
      <input_file id="fl-68">
         <path>./dsplib/source/vector/</path>
         <kind>object</kind>
         <file>msp_min_uq31.obj</file>
         <name>msp_min_uq31.obj</name>
      </input_file>
      <input_file id="fl-69">
         <path>./dsplib/source/vector/</path>
         <kind>object</kind>
         <file>msp_mpy_iq31.obj</file>
         <name>msp_mpy_iq31.obj</name>
      </input_file>
      <input_file id="fl-6a">
         <path>./dsplib/source/vector/</path>
         <kind>object</kind>
         <file>msp_mpy_q15.obj</file>
         <name>msp_mpy_q15.obj</name>
      </input_file>
      <input_file id="fl-6b">
         <path>./dsplib/source/vector/</path>
         <kind>object</kind>
         <file>msp_neg_iq31.obj</file>
         <name>msp_neg_iq31.obj</name>
      </input_file>
      <input_file id="fl-6c">
         <path>./dsplib/source/vector/</path>
         <kind>object</kind>
         <file>msp_neg_q15.obj</file>
         <name>msp_neg_q15.obj</name>
      </input_file>
      <input_file id="fl-6d">
         <path>./dsplib/source/vector/</path>
         <kind>object</kind>
         <file>msp_offset_iq31.obj</file>
         <name>msp_offset_iq31.obj</name>
      </input_file>
      <input_file id="fl-6e">
         <path>./dsplib/source/vector/</path>
         <kind>object</kind>
         <file>msp_offset_q15.obj</file>
         <name>msp_offset_q15.obj</name>
      </input_file>
      <input_file id="fl-6f">
         <path>./dsplib/source/vector/</path>
         <kind>object</kind>
         <file>msp_scale_iq31.obj</file>
         <name>msp_scale_iq31.obj</name>
      </input_file>
      <input_file id="fl-70">
         <path>./dsplib/source/vector/</path>
         <kind>object</kind>
         <file>msp_scale_q15.obj</file>
         <name>msp_scale_q15.obj</name>
      </input_file>
      <input_file id="fl-71">
         <path>./dsplib/source/vector/</path>
         <kind>object</kind>
         <file>msp_shift_iq31.obj</file>
         <name>msp_shift_iq31.obj</name>
      </input_file>
      <input_file id="fl-72">
         <path>./dsplib/source/vector/</path>
         <kind>object</kind>
         <file>msp_shift_q15.obj</file>
         <name>msp_shift_q15.obj</name>
      </input_file>
      <input_file id="fl-73">
         <path>./dsplib/source/vector/</path>
         <kind>object</kind>
         <file>msp_sub_iq31.obj</file>
         <name>msp_sub_iq31.obj</name>
      </input_file>
      <input_file id="fl-74">
         <path>./dsplib/source/vector/</path>
         <kind>object</kind>
         <file>msp_sub_q15.obj</file>
         <name>msp_sub_q15.obj</name>
      </input_file>
      <input_file id="fl-7c">
         <kind>object</kind>
         <file>&lt;internal&gt;</file>
         <name>&lt;internal&gt;</name>
      </input_file>
      <input_file id="fl-9c">
         <path>/opt/ti/ccsv8/tools/compiler/ti-cgt-msp430_18.1.1.LTS/lib/</path>
         <kind>archive</kind>
         <file>rts430x_lc_rd_eabi.lib</file>
         <name>copy_decompress_lzss.c.obj</name>
      </input_file>
      <input_file id="fl-9d">
         <path>/opt/ti/ccsv8/tools/compiler/ti-cgt-msp430_18.1.1.LTS/lib/</path>
         <kind>archive</kind>
         <file>rts430x_lc_rd_eabi.lib</file>
         <name>copy_decompress_none.c.obj</name>
      </input_file>
      <input_file id="fl-9e">
         <path>/opt/ti/ccsv8/tools/compiler/ti-cgt-msp430_18.1.1.LTS/lib/</path>
         <kind>archive</kind>
         <file>rts430x_lc_rd_eabi.lib</file>
         <name>int19.asm.obj</name>
      </input_file>
      <input_file id="fl-9f">
         <path>/opt/ti/ccsv8/tools/compiler/ti-cgt-msp430_18.1.1.LTS/lib/</path>
         <kind>archive</kind>
         <file>rts430x_lc_rd_eabi.lib</file>
         <name>isr_trap.asm.obj</name>
      </input_file>
      <input_file id="fl-a0">
         <path>/opt/ti/ccsv8/tools/compiler/ti-cgt-msp430_18.1.1.LTS/lib/</path>
         <kind>archive</kind>
         <file>rts430x_lc_rd_eabi.lib</file>
         <name>int20.asm.obj</name>
      </input_file>
      <input_file id="fl-a1">
         <path>/opt/ti/ccsv8/tools/compiler/ti-cgt-msp430_18.1.1.LTS/lib/</path>
         <kind>archive</kind>
         <file>rts430x_lc_rd_eabi.lib</file>
         <name>int21.asm.obj</name>
      </input_file>
      <input_file id="fl-a2">
         <path>/opt/ti/ccsv8/tools/compiler/ti-cgt-msp430_18.1.1.LTS/lib/</path>
         <kind>archive</kind>
         <file>rts430x_lc_rd_eabi.lib</file>
         <name>int22.asm.obj</name>
      </input_file>
      <input_file id="fl-a3">
         <path>/opt/ti/ccsv8/tools/compiler/ti-cgt-msp430_18.1.1.LTS/lib/</path>
         <kind>archive</kind>
         <file>rts430x_lc_rd_eabi.lib</file>
         <name>int23.asm.obj</name>
      </input_file>
      <input_file id="fl-a4">
         <path>/opt/ti/ccsv8/tools/compiler/ti-cgt-msp430_18.1.1.LTS/lib/</path>
         <kind>archive</kind>
         <file>rts430x_lc_rd_eabi.lib</file>
         <name>int24.asm.obj</name>
      </input_file>
      <input_file id="fl-a5">
         <path>/opt/ti/ccsv8/tools/compiler/ti-cgt-msp430_18.1.1.LTS/lib/</path>
         <kind>archive</kind>
         <file>rts430x_lc_rd_eabi.lib</file>
         <name>int25.asm.obj</name>
      </input_file>
      <input_file id="fl-a6">
         <path>/opt/ti/ccsv8/tools/compiler/ti-cgt-msp430_18.1.1.LTS/lib/</path>
         <kind>archive</kind>
         <file>rts430x_lc_rd_eabi.lib</file>
         <name>int26.asm.obj</name>
      </input_file>
      <input_file id="fl-a7">
         <path>/opt/ti/ccsv8/tools/compiler/ti-cgt-msp430_18.1.1.LTS/lib/</path>
         <kind>archive</kind>
         <file>rts430x_lc_rd_eabi.lib</file>
         <name>int27.asm.obj</name>
      </input_file>
      <input_file id="fl-a8">
         <path>/opt/ti/ccsv8/tools/compiler/ti-cgt-msp430_18.1.1.LTS/lib/</path>
         <kind>archive</kind>
         <file>rts430x_lc_rd_eabi.lib</file>
         <name>int28.asm.obj</name>
      </input_file>
      <input_file id="fl-a9">
         <path>/opt/ti/ccsv8/tools/compiler/ti-cgt-msp430_18.1.1.LTS/lib/</path>
         <kind>archive</kind>
         <file>rts430x_lc_rd_eabi.lib</file>
         <name>int29.asm.obj</name>
      </input_file>
      <input_file id="fl-aa">
         <path>/opt/ti/ccsv8/tools/compiler/ti-cgt-msp430_18.1.1.LTS/lib/</path>
         <kind>archive</kind>
         <file>rts430x_lc_rd_eabi.lib</file>
         <name>int30.asm.obj</name>
      </input_file>
      <input_file id="fl-ab">
         <path>/opt/ti/ccsv8/tools/compiler/ti-cgt-msp430_18.1.1.LTS/lib/</path>
         <kind>archive</kind>
         <file>rts430x_lc_rd_eabi.lib</file>
         <name>int31.asm.obj</name>
      </input_file>
      <input_file id="fl-ac">
         <path>/opt/ti/ccsv8/tools/compiler/ti-cgt-msp430_18.1.1.LTS/lib/</path>
         <kind>archive</kind>
         <file>rts430x_lc_rd_eabi.lib</file>
         <name>int32.asm.obj</name>
      </input_file>
      <input_file id="fl-ad">
         <path>/opt/ti/ccsv8/tools/compiler/ti-cgt-msp430_18.1.1.LTS/lib/</path>
         <kind>archive</kind>
         <file>rts430x_lc_rd_eabi.lib</file>
         <name>int33.asm.obj</name>
      </input_file>
      <input_file id="fl-ae">
         <path>/home/dpatoukas/Documents/TUDelft/Thesis/InkMerge/InK/Debug/</path>
         <kind>archive</kind>
         <file>InK.lib</file>
         <name>clk.obj</name>
      </input_file>
      <input_file id="fl-af">
         <path>/opt/ti/ccsv8/tools/compiler/ti-cgt-msp430_18.1.1.LTS/lib/</path>
         <kind>archive</kind>
         <file>rts430x_lc_rd_eabi.lib</file>
         <name>int35.asm.obj</name>
      </input_file>
      <input_file id="fl-b0">
         <path>/opt/ti/ccsv8/tools/compiler/ti-cgt-msp430_18.1.1.LTS/lib/</path>
         <kind>archive</kind>
         <file>rts430x_lc_rd_eabi.lib</file>
         <name>int36.asm.obj</name>
      </input_file>
      <input_file id="fl-b1">
         <path>/opt/ti/ccsv8/tools/compiler/ti-cgt-msp430_18.1.1.LTS/lib/</path>
         <kind>archive</kind>
         <file>rts430x_lc_rd_eabi.lib</file>
         <name>int37.asm.obj</name>
      </input_file>
      <input_file id="fl-b2">
         <path>/opt/ti/ccsv8/tools/compiler/ti-cgt-msp430_18.1.1.LTS/lib/</path>
         <kind>archive</kind>
         <file>rts430x_lc_rd_eabi.lib</file>
         <name>int38.asm.obj</name>
      </input_file>
      <input_file id="fl-b3">
         <path>/opt/ti/ccsv8/tools/compiler/ti-cgt-msp430_18.1.1.LTS/lib/</path>
         <kind>archive</kind>
         <file>rts430x_lc_rd_eabi.lib</file>
         <name>int40.asm.obj</name>
      </input_file>
      <input_file id="fl-b4">
         <path>/opt/ti/ccsv8/tools/compiler/ti-cgt-msp430_18.1.1.LTS/lib/</path>
         <kind>archive</kind>
         <file>rts430x_lc_rd_eabi.lib</file>
         <name>int41.asm.obj</name>
      </input_file>
      <input_file id="fl-b5">
         <path>/opt/ti/ccsv8/tools/compiler/ti-cgt-msp430_18.1.1.LTS/lib/</path>
         <kind>archive</kind>
         <file>rts430x_lc_rd_eabi.lib</file>
         <name>int42.asm.obj</name>
      </input_file>
      <input_file id="fl-b6">
         <path>/opt/ti/ccsv8/tools/compiler/ti-cgt-msp430_18.1.1.LTS/lib/</path>
         <kind>archive</kind>
         <file>rts430x_lc_rd_eabi.lib</file>
         <name>int43.asm.obj</name>
      </input_file>
      <input_file id="fl-b7">
         <path>/opt/ti/ccsv8/tools/compiler/ti-cgt-msp430_18.1.1.LTS/lib/</path>
         <kind>archive</kind>
         <file>rts430x_lc_rd_eabi.lib</file>
         <name>int44.asm.obj</name>
      </input_file>
      <input_file id="fl-b8">
         <path>/opt/ti/ccsv8/tools/compiler/ti-cgt-msp430_18.1.1.LTS/lib/</path>
         <kind>archive</kind>
         <file>rts430x_lc_rd_eabi.lib</file>
         <name>int45.asm.obj</name>
      </input_file>
      <input_file id="fl-b9">
         <path>/opt/ti/ccsv8/tools/compiler/ti-cgt-msp430_18.1.1.LTS/lib/</path>
         <kind>archive</kind>
         <file>rts430x_lc_rd_eabi.lib</file>
         <name>int47.asm.obj</name>
      </input_file>
      <input_file id="fl-ba">
         <path>/opt/ti/ccsv8/tools/compiler/ti-cgt-msp430_18.1.1.LTS/lib/</path>
         <kind>archive</kind>
         <file>rts430x_lc_rd_eabi.lib</file>
         <name>int48.asm.obj</name>
      </input_file>
      <input_file id="fl-bb">
         <path>/opt/ti/ccsv8/tools/compiler/ti-cgt-msp430_18.1.1.LTS/lib/</path>
         <kind>archive</kind>
         <file>rts430x_lc_rd_eabi.lib</file>
         <name>int49.asm.obj</name>
      </input_file>
      <input_file id="fl-bc">
         <path>/opt/ti/ccsv8/tools/compiler/ti-cgt-msp430_18.1.1.LTS/lib/</path>
         <kind>archive</kind>
         <file>rts430x_lc_rd_eabi.lib</file>
         <name>int50.asm.obj</name>
      </input_file>
      <input_file id="fl-bd">
         <path>/opt/ti/ccsv8/tools/compiler/ti-cgt-msp430_18.1.1.LTS/lib/</path>
         <kind>archive</kind>
         <file>rts430x_lc_rd_eabi.lib</file>
         <name>int51.asm.obj</name>
      </input_file>
      <input_file id="fl-be">
         <path>/opt/ti/ccsv8/tools/compiler/ti-cgt-msp430_18.1.1.LTS/lib/</path>
         <kind>archive</kind>
         <file>rts430x_lc_rd_eabi.lib</file>
         <name>int52.asm.obj</name>
      </input_file>
      <input_file id="fl-bf">
         <path>/opt/ti/ccsv8/tools/compiler/ti-cgt-msp430_18.1.1.LTS/lib/</path>
         <kind>archive</kind>
         <file>rts430x_lc_rd_eabi.lib</file>
         <name>int53.asm.obj</name>
      </input_file>
      <input_file id="fl-c0">
         <path>/opt/ti/ccsv8/tools/compiler/ti-cgt-msp430_18.1.1.LTS/lib/</path>
         <kind>archive</kind>
         <file>rts430x_lc_rd_eabi.lib</file>
         <name>int54.asm.obj</name>
      </input_file>
      <input_file id="fl-c1">
         <path>/opt/ti/ccsv8/tools/compiler/ti-cgt-msp430_18.1.1.LTS/lib/</path>
         <kind>archive</kind>
         <file>rts430x_lc_rd_eabi.lib</file>
         <name>copy_zero_init.c.obj</name>
      </input_file>
      <input_file id="fl-c2">
         <path>/home/dpatoukas/Documents/TUDelft/Thesis/InkMerge/InK/Debug/</path>
         <kind>archive</kind>
         <file>InK.lib</file>
         <name>scheduler.obj</name>
      </input_file>
      <input_file id="fl-c3">
         <path>/home/dpatoukas/Documents/TUDelft/Thesis/InkMerge/InK/Debug/</path>
         <kind>archive</kind>
         <file>InK.lib</file>
         <name>isrmanager.obj</name>
      </input_file>
      <input_file id="fl-c4">
         <path>/opt/ti/ccsv8/tools/compiler/ti-cgt-msp430_18.1.1.LTS/lib/</path>
         <kind>archive</kind>
         <file>rts430x_lc_rd_eabi.lib</file>
         <name>div16u.asm.obj</name>
      </input_file>
      <input_file id="fl-c5">
         <path>/opt/ti/ccsv8/tools/compiler/ti-cgt-msp430_18.1.1.LTS/lib/</path>
         <kind>archive</kind>
         <file>rts430x_lc_rd_eabi.lib</file>
         <name>mult16.asm.obj</name>
      </input_file>
      <input_file id="fl-c6">
         <path>/opt/ti/ccsv8/tools/compiler/ti-cgt-msp430_18.1.1.LTS/lib/</path>
         <kind>archive</kind>
         <file>rts430x_lc_rd_eabi.lib</file>
         <name>mult16_f5hw.asm.obj</name>
      </input_file>
      <input_file id="fl-c7">
         <path>/opt/ti/ccsv8/tools/compiler/ti-cgt-msp430_18.1.1.LTS/lib/</path>
         <kind>archive</kind>
         <file>rts430x_lc_rd_eabi.lib</file>
         <name>mult32.asm.obj</name>
      </input_file>
      <input_file id="fl-c8">
         <path>/opt/ti/ccsv8/tools/compiler/ti-cgt-msp430_18.1.1.LTS/lib/</path>
         <kind>archive</kind>
         <file>rts430x_lc_rd_eabi.lib</file>
         <name>mult32_f5hw.asm.obj</name>
      </input_file>
      <input_file id="fl-c9">
         <path>/opt/ti/ccsv8/tools/compiler/ti-cgt-msp430_18.1.1.LTS/lib/</path>
         <kind>archive</kind>
         <file>rts430x_lc_rd_eabi.lib</file>
         <name>mult64_f5hw.asm.obj</name>
      </input_file>
      <input_file id="fl-ca">
         <path>/opt/ti/ccsv8/tools/compiler/ti-cgt-msp430_18.1.1.LTS/lib/</path>
         <kind>archive</kind>
         <file>rts430x_lc_rd_eabi.lib</file>
         <name>mult1632_f5hw.asm.obj</name>
      </input_file>
      <input_file id="fl-cb">
         <path>/opt/ti/ccsv8/tools/compiler/ti-cgt-msp430_18.1.1.LTS/lib/</path>
         <kind>archive</kind>
         <file>rts430x_lc_rd_eabi.lib</file>
         <name>mult3264_f5hw.asm.obj</name>
      </input_file>
      <input_file id="fl-cc">
         <path>/opt/ti/ccsv8/tools/compiler/ti-cgt-msp430_18.1.1.LTS/lib/</path>
         <kind>archive</kind>
         <file>rts430x_lc_rd_eabi.lib</file>
         <name>lsl16.asm.obj</name>
      </input_file>
      <input_file id="fl-cd">
         <path>/opt/ti/ccsv8/tools/compiler/ti-cgt-msp430_18.1.1.LTS/lib/</path>
         <kind>archive</kind>
         <file>rts430x_lc_rd_eabi.lib</file>
         <name>lsl32.asm.obj</name>
      </input_file>
      <input_file id="fl-ce">
         <path>/opt/ti/ccsv8/tools/compiler/ti-cgt-msp430_18.1.1.LTS/lib/</path>
         <kind>archive</kind>
         <file>rts430x_lc_rd_eabi.lib</file>
         <name>lsr32.asm.obj</name>
      </input_file>
      <input_file id="fl-cf">
         <path>/home/dpatoukas/Documents/TUDelft/Thesis/InkMerge/InK/Debug/</path>
         <kind>archive</kind>
         <file>InK.lib</file>
         <name>persistentqueue.obj</name>
      </input_file>
      <input_file id="fl-d0">
         <path>/home/dpatoukas/Documents/TUDelft/Thesis/InkMerge/InK/Debug/</path>
         <kind>archive</kind>
         <file>InK.lib</file>
         <name>priority.obj</name>
      </input_file>
      <input_file id="fl-d1">
         <path>/home/dpatoukas/Documents/TUDelft/Thesis/InkMerge/InK/Debug/</path>
         <kind>archive</kind>
         <file>InK.lib</file>
         <name>timer.obj</name>
      </input_file>
      <input_file id="fl-d2">
         <path>/home/dpatoukas/Documents/TUDelft/Thesis/InkMerge/InK/Debug/</path>
         <kind>archive</kind>
         <file>InK.lib</file>
         <name>thread.obj</name>
      </input_file>
      <input_file id="fl-d3">
         <path>/home/dpatoukas/Documents/TUDelft/Thesis/InkMerge/InK/Debug/</path>
         <kind>archive</kind>
         <file>InK.lib</file>
         <name>dma.obj</name>
      </input_file>
      <input_file id="fl-d4">
         <path>/opt/ti/ccsv8/tools/compiler/ti-cgt-msp430_18.1.1.LTS/lib/</path>
         <kind>archive</kind>
         <file>rts430x_lc_rd_eabi.lib</file>
         <name>boot.c.obj</name>
      </input_file>
      <input_file id="fl-d5">
         <path>/opt/ti/ccsv8/ccs_base/msp430/lib/FR59xx/</path>
         <kind>archive</kind>
         <file>MSPMPU_INIT_LIB_CCS_msp430_large_code_restricted_data.lib</file>
         <name>mpu_init.o</name>
      </input_file>
      <input_file id="fl-d6">
         <path>/opt/ti/ccsv8/tools/compiler/ti-cgt-msp430_18.1.1.LTS/lib/</path>
         <kind>archive</kind>
         <file>rts430x_lc_rd_eabi.lib</file>
         <name>args_main.c.obj</name>
      </input_file>
      <input_file id="fl-d7">
         <path>/opt/ti/ccsv8/tools/compiler/ti-cgt-msp430_18.1.1.LTS/lib/</path>
         <kind>archive</kind>
         <file>rts430x_lc_rd_eabi.lib</file>
         <name>autoinit.c.obj</name>
      </input_file>
      <input_file id="fl-d8">
         <path>/home/dpatoukas/Documents/TUDelft/Thesis/InkMerge/InK/Debug/</path>
         <kind>archive</kind>
         <file>InK.lib</file>
         <name>persistent_timer.obj</name>
      </input_file>
      <input_file id="fl-d9">
         <path>/opt/ti/ccsv8/tools/compiler/ti-cgt-msp430_18.1.1.LTS/lib/</path>
         <kind>archive</kind>
         <file>rts430x_lc_rd_eabi.lib</file>
         <name>startup.c.obj</name>
      </input_file>
      <input_file id="fl-da">
         <path>/opt/ti/ccsv8/tools/compiler/ti-cgt-msp430_18.1.1.LTS/lib/</path>
         <kind>archive</kind>
         <file>rts430x_lc_rd_eabi.lib</file>
         <name>pre_init.c.obj</name>
      </input_file>
      <input_file id="fl-db">
         <path>/opt/ti/ccsv8/tools/compiler/ti-cgt-msp430_18.1.1.LTS/lib/</path>
         <kind>archive</kind>
         <file>rts430x_lc_rd_eabi.lib</file>
         <name>cpy_tbl.c.obj</name>
      </input_file>
      <input_file id="fl-dc">
         <path>/opt/ti/ccsv8/tools/compiler/ti-cgt-msp430_18.1.1.LTS/lib/</path>
         <kind>archive</kind>
         <file>rts430x_lc_rd_eabi.lib</file>
         <name>exit.c.obj</name>
      </input_file>
      <input_file id="fl-dd">
         <path>/opt/ti/ccsv8/tools/compiler/ti-cgt-msp430_18.1.1.LTS/lib/</path>
         <kind>archive</kind>
         <file>rts430x_lc_rd_eabi.lib</file>
         <name>exit_gvars.c.obj</name>
      </input_file>
      <input_file id="fl-de">
         <path>/opt/ti/ccsv8/tools/compiler/ti-cgt-msp430_18.1.1.LTS/lib/</path>
         <kind>archive</kind>
         <file>rts430x_lc_rd_eabi.lib</file>
         <name>_lock.c.obj</name>
      </input_file>
      <input_file id="fl-df">
         <path>/home/dpatoukas/Documents/TUDelft/Thesis/InkMerge/InK/Debug/</path>
         <kind>archive</kind>
         <file>InK.lib</file>
         <name>main.obj</name>
      </input_file>
      <input_file id="fl-e0">
         <path>/home/dpatoukas/Documents/TUDelft/Thesis/InkMerge/InK/Debug/</path>
         <kind>archive</kind>
         <file>InK.lib</file>
         <name>msp430fr5969.obj</name>
      </input_file>
      <input_file id="fl-e1">
         <path>/opt/ti/ccsv8/tools/compiler/ti-cgt-msp430_18.1.1.LTS/lib/</path>
         <kind>archive</kind>
         <file>rts430x_lc_rd_eabi.lib</file>
         <name>memcpy.c.obj</name>
      </input_file>
      <input_file id="fl-e2">
         <path>/opt/ti/ccsv8/tools/compiler/ti-cgt-msp430_18.1.1.LTS/lib/</path>
         <kind>archive</kind>
         <file>rts430x_lc_rd_eabi.lib</file>
         <name>printf.c.obj</name>
      </input_file>
      <input_file id="fl-e3">
         <path>/opt/ti/ccsv8/tools/compiler/ti-cgt-msp430_18.1.1.LTS/lib/</path>
         <kind>archive</kind>
         <file>rts430x_lc_rd_eabi.lib</file>
         <name>_printfi_min.c.obj</name>
      </input_file>
      <input_file id="fl-e4">
         <path>/opt/ti/ccsv8/tools/compiler/ti-cgt-msp430_18.1.1.LTS/lib/</path>
         <kind>archive</kind>
         <file>rts430x_lc_rd_eabi.lib</file>
         <name>lsr64.c.obj</name>
      </input_file>
      <input_file id="fl-e5">
         <path>/opt/ti/ccsv8/tools/compiler/ti-cgt-msp430_18.1.1.LTS/lib/</path>
         <kind>archive</kind>
         <file>rts430x_lc_rd_eabi.lib</file>
         <name>defs.c.obj</name>
      </input_file>
      <input_file id="fl-e6">
         <path>/opt/ti/ccsv8/tools/compiler/ti-cgt-msp430_18.1.1.LTS/lib/</path>
         <kind>archive</kind>
         <file>rts430x_lc_rd_eabi.lib</file>
         <name>fputc.c.obj</name>
      </input_file>
      <input_file id="fl-e7">
         <path>/opt/ti/ccsv8/tools/compiler/ti-cgt-msp430_18.1.1.LTS/lib/</path>
         <kind>archive</kind>
         <file>rts430x_lc_rd_eabi.lib</file>
         <name>fflush.c.obj</name>
      </input_file>
      <input_file id="fl-e8">
         <path>/opt/ti/ccsv8/tools/compiler/ti-cgt-msp430_18.1.1.LTS/lib/</path>
         <kind>archive</kind>
         <file>rts430x_lc_rd_eabi.lib</file>
         <name>_io_perm.c.obj</name>
      </input_file>
      <input_file id="fl-e9">
         <path>/opt/ti/ccsv8/tools/compiler/ti-cgt-msp430_18.1.1.LTS/lib/</path>
         <kind>archive</kind>
         <file>rts430x_lc_rd_eabi.lib</file>
         <name>fputs.c.obj</name>
      </input_file>
      <input_file id="fl-ea">
         <path>/opt/ti/ccsv8/tools/compiler/ti-cgt-msp430_18.1.1.LTS/lib/</path>
         <kind>archive</kind>
         <file>rts430x_lc_rd_eabi.lib</file>
         <name>fseek.c.obj</name>
      </input_file>
      <input_file id="fl-eb">
         <path>/opt/ti/ccsv8/tools/compiler/ti-cgt-msp430_18.1.1.LTS/lib/</path>
         <kind>archive</kind>
         <file>rts430x_lc_rd_eabi.lib</file>
         <name>lseek.c.obj</name>
      </input_file>
      <input_file id="fl-ec">
         <path>/opt/ti/ccsv8/tools/compiler/ti-cgt-msp430_18.1.1.LTS/lib/</path>
         <kind>archive</kind>
         <file>rts430x_lc_rd_eabi.lib</file>
         <name>write.c.obj</name>
      </input_file>
      <input_file id="fl-ed">
         <path>/opt/ti/ccsv8/tools/compiler/ti-cgt-msp430_18.1.1.LTS/lib/</path>
         <kind>archive</kind>
         <file>rts430x_lc_rd_eabi.lib</file>
         <name>hostclose.c.obj</name>
      </input_file>
      <input_file id="fl-ee">
         <path>/opt/ti/ccsv8/tools/compiler/ti-cgt-msp430_18.1.1.LTS/lib/</path>
         <kind>archive</kind>
         <file>rts430x_lc_rd_eabi.lib</file>
         <name>hostlseek.c.obj</name>
      </input_file>
      <input_file id="fl-ef">
         <path>/opt/ti/ccsv8/tools/compiler/ti-cgt-msp430_18.1.1.LTS/lib/</path>
         <kind>archive</kind>
         <file>rts430x_lc_rd_eabi.lib</file>
         <name>hostopen.c.obj</name>
      </input_file>
      <input_file id="fl-f0">
         <path>/opt/ti/ccsv8/tools/compiler/ti-cgt-msp430_18.1.1.LTS/lib/</path>
         <kind>archive</kind>
         <file>rts430x_lc_rd_eabi.lib</file>
         <name>hostread.c.obj</name>
      </input_file>
      <input_file id="fl-f1">
         <path>/opt/ti/ccsv8/tools/compiler/ti-cgt-msp430_18.1.1.LTS/lib/</path>
         <kind>archive</kind>
         <file>rts430x_lc_rd_eabi.lib</file>
         <name>hostrename.c.obj</name>
      </input_file>
      <input_file id="fl-f2">
         <path>/opt/ti/ccsv8/tools/compiler/ti-cgt-msp430_18.1.1.LTS/lib/</path>
         <kind>archive</kind>
         <file>rts430x_lc_rd_eabi.lib</file>
         <name>hostunlink.c.obj</name>
      </input_file>
      <input_file id="fl-f3">
         <path>/opt/ti/ccsv8/tools/compiler/ti-cgt-msp430_18.1.1.LTS/lib/</path>
         <kind>archive</kind>
         <file>rts430x_lc_rd_eabi.lib</file>
         <name>hostwrite.c.obj</name>
      </input_file>
      <input_file id="fl-f4">
         <path>/opt/ti/ccsv8/tools/compiler/ti-cgt-msp430_18.1.1.LTS/lib/</path>
         <kind>archive</kind>
         <file>rts430x_lc_rd_eabi.lib</file>
         <name>trgmsg.c.obj</name>
      </input_file>
      <input_file id="fl-f5">
         <path>/opt/ti/ccsv8/tools/compiler/ti-cgt-msp430_18.1.1.LTS/lib/</path>
         <kind>archive</kind>
         <file>rts430x_lc_rd_eabi.lib</file>
         <name>memccpy.c.obj</name>
      </input_file>
      <input_file id="fl-f6">
         <path>/opt/ti/ccsv8/tools/compiler/ti-cgt-msp430_18.1.1.LTS/lib/</path>
         <kind>archive</kind>
         <file>rts430x_lc_rd_eabi.lib</file>
         <name>memchr.c.obj</name>
      </input_file>
      <input_file id="fl-f7">
         <path>/opt/ti/ccsv8/tools/compiler/ti-cgt-msp430_18.1.1.LTS/lib/</path>
         <kind>archive</kind>
         <file>rts430x_lc_rd_eabi.lib</file>
         <name>memset.c.obj</name>
      </input_file>
      <input_file id="fl-f8">
         <path>/opt/ti/ccsv8/tools/compiler/ti-cgt-msp430_18.1.1.LTS/lib/</path>
         <kind>archive</kind>
         <file>rts430x_lc_rd_eabi.lib</file>
         <name>setvbuf.c.obj</name>
      </input_file>
      <input_file id="fl-f9">
         <path>/opt/ti/ccsv8/tools/compiler/ti-cgt-msp430_18.1.1.LTS/lib/</path>
         <kind>archive</kind>
         <file>rts430x_lc_rd_eabi.lib</file>
         <name>fopen.c.obj</name>
      </input_file>
      <input_file id="fl-fa">
         <path>/opt/ti/ccsv8/tools/compiler/ti-cgt-msp430_18.1.1.LTS/lib/</path>
         <kind>archive</kind>
         <file>rts430x_lc_rd_eabi.lib</file>
         <name>fclose.c.obj</name>
      </input_file>
      <input_file id="fl-fb">
         <path>/opt/ti/ccsv8/tools/compiler/ti-cgt-msp430_18.1.1.LTS/lib/</path>
         <kind>archive</kind>
         <file>rts430x_lc_rd_eabi.lib</file>
         <name>close.c.obj</name>
      </input_file>
      <input_file id="fl-fc">
         <path>/opt/ti/ccsv8/tools/compiler/ti-cgt-msp430_18.1.1.LTS/lib/</path>
         <kind>archive</kind>
         <file>rts430x_lc_rd_eabi.lib</file>
         <name>memory.c.obj</name>
      </input_file>
      <input_file id="fl-fd">
         <path>/opt/ti/ccsv8/tools/compiler/ti-cgt-msp430_18.1.1.LTS/lib/</path>
         <kind>archive</kind>
         <file>rts430x_lc_rd_eabi.lib</file>
         <name>open.c.obj</name>
      </input_file>
      <input_file id="fl-fe">
         <path>/opt/ti/ccsv8/tools/compiler/ti-cgt-msp430_18.1.1.LTS/lib/</path>
         <kind>archive</kind>
         <file>rts430x_lc_rd_eabi.lib</file>
         <name>div16s.asm.obj</name>
      </input_file>
      <input_file id="fl-ff">
         <path>/opt/ti/ccsv8/tools/compiler/ti-cgt-msp430_18.1.1.LTS/lib/</path>
         <kind>archive</kind>
         <file>rts430x_lc_rd_eabi.lib</file>
         <name>getdevice.c.obj</name>
      </input_file>
      <input_file id="fl-100">
         <path>/opt/ti/ccsv8/tools/compiler/ti-cgt-msp430_18.1.1.LTS/lib/</path>
         <kind>archive</kind>
         <file>rts430x_lc_rd_eabi.lib</file>
         <name>remove.c.obj</name>
      </input_file>
      <input_file id="fl-101">
         <path>/opt/ti/ccsv8/tools/compiler/ti-cgt-msp430_18.1.1.LTS/lib/</path>
         <kind>archive</kind>
         <file>rts430x_lc_rd_eabi.lib</file>
         <name>strchr.c.obj</name>
      </input_file>
      <input_file id="fl-102">
         <path>/opt/ti/ccsv8/tools/compiler/ti-cgt-msp430_18.1.1.LTS/lib/</path>
         <kind>archive</kind>
         <file>rts430x_lc_rd_eabi.lib</file>
         <name>strcmp.c.obj</name>
      </input_file>
      <input_file id="fl-103">
         <path>/opt/ti/ccsv8/tools/compiler/ti-cgt-msp430_18.1.1.LTS/lib/</path>
         <kind>archive</kind>
         <file>rts430x_lc_rd_eabi.lib</file>
         <name>strcpy.c.obj</name>
      </input_file>
      <input_file id="fl-104">
         <path>/opt/ti/ccsv8/tools/compiler/ti-cgt-msp430_18.1.1.LTS/lib/</path>
         <kind>archive</kind>
         <file>rts430x_lc_rd_eabi.lib</file>
         <name>strlen.c.obj</name>
      </input_file>
      <input_file id="fl-105">
         <path>/opt/ti/ccsv8/tools/compiler/ti-cgt-msp430_18.1.1.LTS/lib/</path>
         <kind>archive</kind>
         <file>rts430x_lc_rd_eabi.lib</file>
         <name>strncpy.c.obj</name>
      </input_file>
      <input_file id="fl-106">
         <path>/opt/ti/ccsv8/tools/compiler/ti-cgt-msp430_18.1.1.LTS/lib/</path>
         <kind>archive</kind>
         <file>rts430x_lc_rd_eabi.lib</file>
         <name>unlink.c.obj</name>
      </input_file>
   </input_file_list>
   <object_component_list>
      <object_component id="oc-934">
         <name>.TI.persistent:uninit</name>
         <load_address>0x4000</load_address>
         <run_address>0x4000</run_address>
         <size>0xc20</size>
         <input_file_ref idref="fl-8"/>
      </object_component>
      <object_component id="oc-7c8">
         <name>.TI.persistent:uninit</name>
         <load_address>0x4c20</load_address>
         <run_address>0x4c20</run_address>
         <size>0xa10</size>
         <input_file_ref idref="fl-c3"/>
      </object_component>
      <object_component id="oc-7c4">
         <name>.TI.persistent:uninit</name>
         <load_address>0x5630</load_address>
         <run_address>0x5630</run_address>
         <size>0x809</size>
         <input_file_ref idref="fl-c2"/>
      </object_component>
      <object_component id="oc-80f">
         <name>.TI.persistent</name>
         <load_address>0x5e39</load_address>
         <run_address>0x5e39</run_address>
         <size>0x1</size>
         <input_file_ref idref="fl-df"/>
      </object_component>
      <object_component id="oc-93e">
         <name>.TI.persistent:uninit</name>
         <load_address>0x5e3a</load_address>
         <run_address>0x5e3a</run_address>
         <size>0x444</size>
         <input_file_ref idref="fl-9"/>
      </object_component>
      <object_component id="oc-948">
         <name>.TI.persistent:uninit</name>
         <load_address>0x627e</load_address>
         <run_address>0x627e</run_address>
         <size>0x8</size>
         <input_file_ref idref="fl-a"/>
      </object_component>
      <object_component id="oc-73b">
         <name>.TI.persistent:init</name>
         <load_address>0x6286</load_address>
         <run_address>0x6286</run_address>
         <size>0x6</size>
         <input_file_ref idref="fl-7"/>
      </object_component>
      <object_component id="oc-924">
         <name>.TI.persistent:uninit</name>
         <load_address>0x628c</load_address>
         <run_address>0x628c</run_address>
         <size>0x6</size>
         <input_file_ref idref="fl-7"/>
      </object_component>
      <object_component id="oc-89e">
         <name>.TI.persistent:init</name>
         <load_address>0x6292</load_address>
         <run_address>0x6292</run_address>
         <size>0x5</size>
         <input_file_ref idref="fl-c2"/>
      </object_component>
      <object_component id="oc-952">
         <name>.TI.persistent:init</name>
         <load_address>0x6297</load_address>
         <run_address>0x6297</run_address>
         <size>0x1</size>
         <input_file_ref idref="fl-c3"/>
      </object_component>
      <object_component id="oc-731">
         <name>.TI.persistent</name>
         <load_address>0x6298</load_address>
         <run_address>0x6298</run_address>
         <size>0x4</size>
         <input_file_ref idref="fl-ae"/>
      </object_component>
      <object_component id="oc-9bf">
         <name>.TI.persistent:init</name>
         <load_address>0x629c</load_address>
         <run_address>0x629c</run_address>
         <size>0x4</size>
         <input_file_ref idref="fl-8"/>
      </object_component>
      <object_component id="oc-9d1">
         <name>.TI.persistent:init</name>
         <load_address>0x62a0</load_address>
         <run_address>0x62a0</run_address>
         <size>0x4</size>
         <input_file_ref idref="fl-9"/>
      </object_component>
      <object_component id="oc-9e4">
         <name>.TI.persistent:init</name>
         <load_address>0x62a4</load_address>
         <run_address>0x62a4</run_address>
         <size>0x1</size>
         <input_file_ref idref="fl-a"/>
      </object_component>
      <object_component id="oc-69f">
         <name>.sysmem</name>
         <load_address>0x62a8</load_address>
         <run_address>0x62a8</run_address>
         <size>0x6</size>
         <input_file_ref idref="fl-fc"/>
      </object_component>
      <object_component id="oc-b3b">
         <name>.sysmem</name>
         <load_address>0x62a8</load_address>
         <run_address>0x62a8</run_address>
         <size>0x0</size>
      </object_component>
      <object_component id="oc-b38">
         <name>.cinit..bss.load</name>
         <load_address>0x6662</load_address>
         <run_address>0x6662</run_address>
         <size>0x6</size>
      </object_component>
      <object_component id="oc-b39">
         <name>.cinit..leaRAM.load</name>
         <load_address>0x6668</load_address>
         <run_address>0x6668</run_address>
         <size>0x6</size>
      </object_component>
      <object_component id="oc-b36">
         <name>__TI_handler_table</name>
         <load_address>0x666e</load_address>
         <run_address>0x666e</run_address>
         <size>0x4</size>
      </object_component>
      <object_component id="oc-b37">
         <name>__TI_cinit_table</name>
         <load_address>0x6672</load_address>
         <run_address>0x6672</run_address>
         <size>0x10</size>
      </object_component>
      <object_component id="oc-ac5">
         <name>.binit</name>
         <load_address>0x4000</load_address>
         <run_address>0x4000</run_address>
         <size>0x0</size>
      </object_component>
      <object_component id="oc-6cb">
         <name>.text:_isr:isr_PORT1_VECTOR</name>
         <load_address>0x6400</load_address>
         <run_address>0x6400</run_address>
         <size>0xca</size>
         <input_file_ref idref="fl-7"/>
      </object_component>
      <object_component id="oc-6d1">
         <name>.text:_isr:isr_ADC12_VECTOR</name>
         <load_address>0x64ca</load_address>
         <run_address>0x64ca</run_address>
         <size>0x34</size>
         <input_file_ref idref="fl-9"/>
      </object_component>
      <object_component id="oc-701">
         <name>.text:_isr:_c_int00_noargs_mpu</name>
         <load_address>0x64fe</load_address>
         <run_address>0x64fe</run_address>
         <size>0x20</size>
         <input_file_ref idref="fl-d4"/>
      </object_component>
      <object_component id="oc-6ba">
         <name>.text:_isr:msp_lea_isr</name>
         <load_address>0x651e</load_address>
         <run_address>0x651e</run_address>
         <size>0x1c</size>
         <input_file_ref idref="fl-17"/>
      </object_component>
      <object_component id="oc-6c5">
         <name>.text:_isr:isr_TIMER3_A1_VECTOR</name>
         <load_address>0x653a</load_address>
         <run_address>0x653a</run_address>
         <size>0x12</size>
         <input_file_ref idref="fl-ae"/>
      </object_component>
      <object_component id="oc-6c0">
         <name>.text:_isr:__TI_ISR_TRAP</name>
         <load_address>0x654c</load_address>
         <run_address>0x654c</run_address>
         <size>0x8</size>
         <input_file_ref idref="fl-9f"/>
      </object_component>
      <object_component id="oc-987">
         <name>.const:.string:UnmapTbl</name>
         <load_address>0x6554</load_address>
         <run_address>0x6554</run_address>
         <size>0x100</size>
         <input_file_ref idref="fl-d0"/>
      </object_component>
      <object_component id="oc-890">
         <name>.const:.string:PriorityTbl</name>
         <load_address>0x6654</load_address>
         <run_address>0x6654</run_address>
         <size>0x8</size>
         <input_file_ref idref="fl-d0"/>
      </object_component>
      <object_component id="oc-a78">
         <name>.const:$P$T0$1</name>
         <load_address>0x665c</load_address>
         <run_address>0x665c</run_address>
         <size>0x6</size>
         <input_file_ref idref="fl-8"/>
      </object_component>
      <object_component id="oc-a84">
         <name>.text:msp_cmplx_fft_auto_q15</name>
         <load_address>0x10000</load_address>
         <run_address>0x10000</run_address>
         <size>0x172</size>
         <input_file_ref idref="fl-2d"/>
      </object_component>
      <object_component id="oc-a71">
         <name>.text:msp_max_q15</name>
         <load_address>0x10172</load_address>
         <run_address>0x10172</run_address>
         <size>0x170</size>
         <input_file_ref idref="fl-62"/>
      </object_component>
      <object_component id="oc-aa6">
         <name>.text:msp_cmplx_bitrev_q15</name>
         <load_address>0x102e2</load_address>
         <run_address>0x102e2</run_address>
         <size>0x13e</size>
         <input_file_ref idref="fl-2c"/>
      </object_component>
      <object_component id="oc-a2c">
         <name>.text:t_features</name>
         <load_address>0x10420</load_address>
         <run_address>0x10420</run_address>
         <size>0x13a</size>
         <input_file_ref idref="fl-8"/>
      </object_component>
      <object_component id="oc-a8a">
         <name>.text:msp_split_q15</name>
         <load_address>0x1055a</load_address>
         <run_address>0x1055a</run_address>
         <size>0x136</size>
         <input_file_ref idref="fl-3a"/>
      </object_component>
      <object_component id="oc-8c9">
         <name>.text:__tick</name>
         <load_address>0x10690</load_address>
         <run_address>0x10690</run_address>
         <size>0xea</size>
         <input_file_ref idref="fl-d2"/>
      </object_component>
      <object_component id="oc-a3c">
         <name>.text:task2</name>
         <load_address>0x1077a</load_address>
         <run_address>0x1077a</run_address>
         <size>0xd4</size>
         <input_file_ref idref="fl-9"/>
      </object_component>
      <object_component id="oc-9da">
         <name>.text:t_consesus</name>
         <load_address>0x1084e</load_address>
         <run_address>0x1084e</run_address>
         <size>0xc8</size>
         <input_file_ref idref="fl-9"/>
      </object_component>
      <object_component id="oc-82a">
         <name>.text:__scheduler_run</name>
         <load_address>0x10916</load_address>
         <run_address>0x10916</run_address>
         <size>0xa8</size>
         <input_file_ref idref="fl-c2"/>
      </object_component>
      <object_component id="oc-9c8">
         <name>.text:t_sample</name>
         <load_address>0x109be</load_address>
         <run_address>0x109be</run_address>
         <size>0xa0</size>
         <input_file_ref idref="fl-8"/>
      </object_component>
      <object_component id="oc-a26">
         <name>.text:i2c_read_multi</name>
         <load_address>0x10a5e</load_address>
         <run_address>0x10a5e</run_address>
         <size>0x84</size>
         <input_file_ref idref="fl-2"/>
      </object_component>
      <object_component id="oc-9d4">
         <name>.text:t_sample</name>
         <load_address>0x10ae2</load_address>
         <run_address>0x10ae2</run_address>
         <size>0x72</size>
         <input_file_ref idref="fl-9"/>
      </object_component>
      <object_component id="oc-8c3">
         <name>.text:__events_commit</name>
         <load_address>0x10b54</load_address>
         <run_address>0x10b54</run_address>
         <size>0x6a</size>
         <input_file_ref idref="fl-c3"/>
      </object_component>
      <object_component id="oc-92d">
         <name>.text:__create_thread</name>
         <load_address>0x10bbe</load_address>
         <run_address>0x10bbe</run_address>
         <size>0x64</size>
         <input_file_ref idref="fl-c2"/>
      </object_component>
      <object_component id="oc-7bb">
         <name>.text:i2c_read</name>
         <load_address>0x10c22</load_address>
         <run_address>0x10c22</run_address>
         <size>0x60</size>
         <input_file_ref idref="fl-2"/>
      </object_component>
      <object_component id="oc-a54">
         <name>.text:isqr_Newton</name>
         <load_address>0x10c82</load_address>
         <run_address>0x10c82</run_address>
         <size>0x5e</size>
         <input_file_ref idref="fl-8"/>
      </object_component>
      <object_component id="oc-7b5">
         <name>.text:i2c_write</name>
         <load_address>0x10ce0</load_address>
         <run_address>0x10ce0</run_address>
         <size>0x5a</size>
         <input_file_ref idref="fl-2"/>
      </object_component>
      <object_component id="oc-855">
         <name>.text:__TI_auto_init_nobinit_nopinit_hold_wdt:__TI_auto_init_nobinit_nopinit_hold_wdt</name>
         <load_address>0x10d3a</load_address>
         <run_address>0x10d3a</run_address>
         <size>0x54</size>
         <input_file_ref idref="fl-d7"/>
      </object_component>
      <object_component id="oc-a9b">
         <name>.text:msp_lea_init</name>
         <load_address>0x10d8e</load_address>
         <run_address>0x10d8e</run_address>
         <size>0x4e</size>
         <input_file_ref idref="fl-16"/>
      </object_component>
      <object_component id="oc-a65">
         <name>.text:msp_fft_auto_q15</name>
         <load_address>0x10ddc</load_address>
         <run_address>0x10ddc</run_address>
         <size>0x4a</size>
         <input_file_ref idref="fl-33"/>
      </object_component>
      <object_component id="oc-a36">
         <name>.text:ADC_config</name>
         <load_address>0x10e26</load_address>
         <run_address>0x10e26</run_address>
         <size>0x44</size>
         <input_file_ref idref="fl-3"/>
      </object_component>
      <object_component id="oc-a94">
         <name>.text:msp_lea_getRevision</name>
         <load_address>0x10e6a</load_address>
         <run_address>0x10e6a</run_address>
         <size>0x44</size>
         <input_file_ref idref="fl-18"/>
      </object_component>
      <object_component id="oc-809">
         <name>.text:__mcu_init</name>
         <load_address>0x10eae</load_address>
         <run_address>0x10eae</run_address>
         <size>0x3e</size>
         <input_file_ref idref="fl-e0"/>
      </object_component>
      <object_component id="oc-94b">
         <name>.text:t_init</name>
         <load_address>0x10eec</load_address>
         <run_address>0x10eec</run_address>
         <size>0x36</size>
         <input_file_ref idref="fl-a"/>
      </object_component>
      <object_component id="oc-968">
         <name>.text:__lock_event</name>
         <load_address>0x10f22</load_address>
         <run_address>0x10f22</run_address>
         <size>0x34</size>
         <input_file_ref idref="fl-c3"/>
      </object_component>
      <object_component id="oc-955">
         <name>.text:__perqueue_push</name>
         <load_address>0x10f56</load_address>
         <run_address>0x10f56</run_address>
         <size>0x34</size>
         <input_file_ref idref="fl-cf"/>
      </object_component>
      <object_component id="oc-a5a">
         <name>.text:t_distance</name>
         <load_address>0x10f8a</load_address>
         <run_address>0x10f8a</run_address>
         <size>0x34</size>
         <input_file_ref idref="fl-8"/>
      </object_component>
      <object_component id="oc-8a9">
         <name>.text:thread1_init</name>
         <load_address>0x10fbe</load_address>
         <run_address>0x10fbe</run_address>
         <size>0x34</size>
         <input_file_ref idref="fl-7"/>
      </object_component>
      <object_component id="oc-818">
         <name>.text:__events_boot_init</name>
         <load_address>0x10ff2</load_address>
         <run_address>0x10ff2</run_address>
         <size>0x32</size>
         <input_file_ref idref="fl-c3"/>
      </object_component>
      <object_component id="oc-a0b">
         <name>.text:__priority_remove</name>
         <load_address>0x11024</load_address>
         <run_address>0x11024</run_address>
         <size>0x32</size>
         <input_file_ref idref="fl-d0"/>
      </object_component>
      <object_component id="oc-a6b">
         <name>.text:msp_abs_q15</name>
         <load_address>0x11056</load_address>
         <run_address>0x11056</run_address>
         <size>0x32</size>
         <input_file_ref idref="fl-4c"/>
      </object_component>
      <object_component id="oc-9f9">
         <name>.text:__perqueue_pop</name>
         <load_address>0x11088</load_address>
         <run_address>0x11088</run_address>
         <size>0x30</size>
         <input_file_ref idref="fl-cf"/>
      </object_component>
      <object_component id="oc-9ed">
         <name>.text:t_transmit</name>
         <load_address>0x110b8</load_address>
         <run_address>0x110b8</run_address>
         <size>0x30</size>
         <input_file_ref idref="fl-a"/>
      </object_component>
      <object_component id="oc-927">
         <name>.text:task1</name>
         <load_address>0x110e8</load_address>
         <run_address>0x110e8</run_address>
         <size>0x30</size>
         <input_file_ref idref="fl-7"/>
      </object_component>
      <object_component id="oc-77e">
         <name>.text:__mpu_init</name>
         <load_address>0x11118</load_address>
         <run_address>0x11118</run_address>
         <size>0x2c</size>
         <input_file_ref idref="fl-d5"/>
      </object_component>
      <object_component id="oc-962">
         <name>.text:__dma_word_copy</name>
         <load_address>0x11144</load_address>
         <run_address>0x11144</run_address>
         <size>0x2a</size>
         <input_file_ref idref="fl-d3"/>
      </object_component>
      <object_component id="oc-96f">
         <name>.text:__release_event</name>
         <load_address>0x1116e</load_address>
         <run_address>0x1116e</run_address>
         <size>0x2a</size>
         <input_file_ref idref="fl-c3"/>
      </object_component>
      <object_component id="oc-9e7">
         <name>.text:t_energy_check</name>
         <load_address>0x11198</load_address>
         <run_address>0x11198</run_address>
         <size>0x2a</size>
         <input_file_ref idref="fl-a"/>
      </object_component>
      <object_component id="oc-7ef">
         <name>.text:__priority_insert</name>
         <load_address>0x111c2</load_address>
         <run_address>0x111c2</run_address>
         <size>0x28</size>
         <input_file_ref idref="fl-d0"/>
      </object_component>
      <object_component id="oc-976">
         <name>.text:__has_events</name>
         <load_address>0x111ea</load_address>
         <run_address>0x111ea</run_address>
         <size>0x26</size>
         <input_file_ref idref="fl-c3"/>
      </object_component>
      <object_component id="oc-76c">
         <name>.text:main</name>
         <load_address>0x11210</load_address>
         <run_address>0x11210</run_address>
         <size>0x26</size>
         <input_file_ref idref="fl-df"/>
      </object_component>
      <object_component id="oc-7d0">
         <name>.text:__perqueue_is_full</name>
         <load_address>0x11236</load_address>
         <run_address>0x11236</run_address>
         <size>0x24</size>
         <input_file_ref idref="fl-cf"/>
      </object_component>
      <object_component id="oc-812">
         <name>.text:__scheduler_boot_init</name>
         <load_address>0x1125a</load_address>
         <run_address>0x1125a</run_address>
         <size>0x24</size>
         <input_file_ref idref="fl-c2"/>
      </object_component>
      <object_component id="oc-6dd">
         <name>.text:decompress:ZI:__TI_zero_init</name>
         <load_address>0x1127e</load_address>
         <run_address>0x1127e</run_address>
         <size>0x24</size>
         <input_file_ref idref="fl-c1"/>
      </object_component>
      <object_component id="oc-8d5">
         <name>.text:__priority_highest</name>
         <load_address>0x112a2</load_address>
         <run_address>0x112a2</run_address>
         <size>0x20</size>
         <input_file_ref idref="fl-d0"/>
      </object_component>
      <object_component id="oc-8af">
         <name>.text:thread2_init</name>
         <load_address>0x112c2</load_address>
         <run_address>0x112c2</run_address>
         <size>0x20</size>
         <input_file_ref idref="fl-8"/>
      </object_component>
      <object_component id="oc-8b5">
         <name>.text:thread3_init</name>
         <load_address>0x112e2</load_address>
         <run_address>0x112e2</run_address>
         <size>0x20</size>
         <input_file_ref idref="fl-9"/>
      </object_component>
      <object_component id="oc-751">
         <name>.text:__start_thread</name>
         <load_address>0x11302</load_address>
         <run_address>0x11302</run_address>
         <size>0x1e</size>
         <input_file_ref idref="fl-c2"/>
      </object_component>
      <object_component id="oc-8bb">
         <name>.text:thread4_init</name>
         <load_address>0x11320</load_address>
         <run_address>0x11320</run_address>
         <size>0x1e</size>
         <input_file_ref idref="fl-a"/>
      </object_component>
      <object_component id="oc-745">
         <name>.text:__event_buffer_full_ISR</name>
         <load_address>0x1133e</load_address>
         <run_address>0x1133e</run_address>
         <size>0x1c</size>
         <input_file_ref idref="fl-c3"/>
      </object_component>
      <object_component id="oc-735">
         <name>.text:clear_interrupts</name>
         <load_address>0x1135a</load_address>
         <run_address>0x1135a</run_address>
         <size>0x1c</size>
         <input_file_ref idref="fl-6"/>
      </object_component>
      <object_component id="oc-8a2">
         <name>.text:__perqueue_init</name>
         <load_address>0x11376</load_address>
         <run_address>0x11376</run_address>
         <size>0x1a</size>
         <input_file_ref idref="fl-cf"/>
      </object_component>
      <object_component id="oc-9c2">
         <name>.text:setup_mcu</name>
         <load_address>0x11390</load_address>
         <run_address>0x11390</run_address>
         <size>0x1a</size>
         <input_file_ref idref="fl-3"/>
      </object_component>
      <object_component id="oc-937">
         <name>.text:t_init</name>
         <load_address>0x113aa</load_address>
         <run_address>0x113aa</run_address>
         <size>0x1a</size>
         <input_file_ref idref="fl-8"/>
      </object_component>
      <object_component id="oc-898">
         <name>.text:__priority_init</name>
         <load_address>0x113c4</load_address>
         <run_address>0x113c4</run_address>
         <size>0x18</size>
         <input_file_ref idref="fl-d0"/>
      </object_component>
      <object_component id="oc-97d">
         <name>.text:__stop_thread</name>
         <load_address>0x113dc</load_address>
         <run_address>0x113dc</run_address>
         <size>0x18</size>
         <input_file_ref idref="fl-c2"/>
      </object_component>
      <object_component id="oc-7cb">
         <name>.text</name>
         <load_address>0x113f4</load_address>
         <run_address>0x113f4</run_address>
         <size>0x18</size>
         <input_file_ref idref="fl-c6"/>
      </object_component>
      <object_component id="oc-a7b">
         <name>.text</name>
         <load_address>0x1140c</load_address>
         <run_address>0x1140c</run_address>
         <size>0x16</size>
         <input_file_ref idref="fl-c4"/>
      </object_component>
      <object_component id="oc-941">
         <name>.text:t_init</name>
         <load_address>0x11422</load_address>
         <run_address>0x11422</run_address>
         <size>0x16</size>
         <input_file_ref idref="fl-9"/>
      </object_component>
      <object_component id="oc-6ad">
         <name>.text:memcpy</name>
         <load_address>0x11438</load_address>
         <run_address>0x11438</run_address>
         <size>0x14</size>
         <input_file_ref idref="fl-e1"/>
      </object_component>
      <object_component id="oc-81e">
         <name>.text:__app_init</name>
         <load_address>0x1144c</load_address>
         <run_address>0x1144c</run_address>
         <size>0x12</size>
         <input_file_ref idref="fl-4"/>
      </object_component>
      <object_component id="oc-9b5">
         <name>.text:enable_acc_interrupts</name>
         <load_address>0x1145e</load_address>
         <run_address>0x1145e</run_address>
         <size>0x12</size>
         <input_file_ref idref="fl-6"/>
      </object_component>
      <object_component id="oc-73e">
         <name>.text:__get_thread</name>
         <load_address>0x11470</load_address>
         <run_address>0x11470</run_address>
         <size>0x10</size>
         <input_file_ref idref="fl-c2"/>
      </object_component>
      <object_component id="oc-a05">
         <name>.text:__perqueue_is_empty</name>
         <load_address>0x11480</load_address>
         <run_address>0x11480</run_address>
         <size>0x10</size>
         <input_file_ref idref="fl-cf"/>
      </object_component>
      <object_component id="oc-9ff">
         <name>.text:__perqueue_pop_commit</name>
         <load_address>0x11490</load_address>
         <run_address>0x11490</run_address>
         <size>0x8</size>
         <input_file_ref idref="fl-cf"/>
      </object_component>
      <object_component id="oc-95b">
         <name>.text:__perqueue_push_commit</name>
         <load_address>0x11498</load_address>
         <run_address>0x11498</run_address>
         <size>0x8</size>
         <input_file_ref idref="fl-cf"/>
      </object_component>
      <object_component id="oc-831">
         <name>.text:abort</name>
         <load_address>0x114a0</load_address>
         <run_address>0x114a0</run_address>
         <size>0x6</size>
         <input_file_ref idref="fl-dc"/>
      </object_component>
      <object_component id="oc-766">
         <name>.text:_system_pre_init</name>
         <load_address>0x114a6</load_address>
         <run_address>0x114a6</run_address>
         <size>0x4</size>
         <input_file_ref idref="fl-da"/>
      </object_component>
      <object_component id="oc-824">
         <name>.text:__app_reboot</name>
         <load_address>0x114aa</load_address>
         <run_address>0x114aa</run_address>
         <size>0x2</size>
         <input_file_ref idref="fl-7"/>
      </object_component>
      <object_component id="oc-8cf">
         <name>.text:__reboot_timers</name>
         <load_address>0x114ac</load_address>
         <run_address>0x114ac</run_address>
         <size>0x2</size>
         <input_file_ref idref="fl-d1"/>
      </object_component>
      <object_component id="oc-8ee">
         <name>.text:_system_post_cinit</name>
         <load_address>0x114ae</load_address>
         <run_address>0x114ae</run_address>
         <size>0x2</size>
         <input_file_ref idref="fl-d9"/>
      </object_component>
      <object_component id="oc-74c">
         <name>.common:timer_event</name>
         <uninitialized>true</uninitialized>
         <run_address>0x1e00</run_address>
         <size>0xc</size>
      </object_component>
      <object_component id="oc-a25">
         <name>.common:acc_data</name>
         <uninitialized>true</uninitialized>
         <run_address>0x1e0c</run_address>
         <size>0x6</size>
      </object_component>
      <object_component id="oc-759">
         <name>.common:counter</name>
         <uninitialized>true</uninitialized>
         <run_address>0x1e12</run_address>
         <size>0x2</size>
      </object_component>
      <object_component id="oc-a35">
         <name>.common:is</name>
         <uninitialized>true</uninitialized>
         <run_address>0x1e14</run_address>
         <size>0x2</size>
      </object_component>
      <object_component id="oc-75c">
         <name>.common:sampled_input</name>
         <uninitialized>true</uninitialized>
         <run_address>0x1c00</run_address>
         <size>0x200</size>
      </object_component>
      <object_component id="oc-a9a">
         <name>.common:msp_lea_locked</name>
         <uninitialized>true</uninitialized>
         <run_address>0x1e18</run_address>
         <size>0x2</size>
      </object_component>
      <object_component id="oc-727">
         <name>.common:msp_lea_ifg</name>
         <uninitialized>true</uninitialized>
         <run_address>0x1e16</run_address>
         <size>0x2</size>
      </object_component>
      <object_component id="oc-69b">
         <name>.stack</name>
         <uninitialized>true</uninitialized>
         <run_address>0x2b60</run_address>
         <size>0x4</size>
         <input_file_ref idref="fl-d4"/>
      </object_component>
      <object_component id="oc-b3a">
         <name>.stack</name>
         <uninitialized>true</uninitialized>
         <run_address>0x2b60</run_address>
         <size>0x0</size>
      </object_component>
      <object_component id="oc-a62">
         <name>.leaRAM</name>
         <uninitialized>true</uninitialized>
         <run_address>0x2c00</run_address>
         <size>0x200</size>
         <input_file_ref idref="fl-9"/>
      </object_component>
      <object_component id="oc-90">
         <name>.int18</name>
         <load_address>0xffb4</load_address>
         <run_address>0xffb4</run_address>
         <size>0x2</size>
         <input_file_ref idref="fl-17"/>
      </object_component>
      <object_component id="oc-91">
         <name>.int19</name>
         <load_address>0xffb6</load_address>
         <run_address>0xffb6</run_address>
         <size>0x2</size>
         <input_file_ref idref="fl-9e"/>
      </object_component>
      <object_component id="oc-92">
         <name>.int20</name>
         <load_address>0xffb8</load_address>
         <run_address>0xffb8</run_address>
         <size>0x2</size>
         <input_file_ref idref="fl-a0"/>
      </object_component>
      <object_component id="oc-93">
         <name>.int21</name>
         <load_address>0xffba</load_address>
         <run_address>0xffba</run_address>
[...]
      </symbol>
      <symbol id="sm-5ed">
         <name>__TI_pprof_out_hndl</name>
         <value>0xffffffff</value>
      </symbol>
      <symbol id="sm-5ee">
         <name>__TI_prof_data_start</name>
         <value>0xffffffff</value>
      </symbol>
      <symbol id="sm-5ef">
         <name>__TI_prof_data_size</name>
         <value>0xffffffff</value>
      </symbol>
      <symbol id="sm-68f">
         <name>i2c_read_multi</name>
         <value>0x10a5e</value>
         <object_component_ref idref="oc-a26"/>
      </symbol>
      <symbol id="sm-690">
         <name>i2c_read</name>
         <value>0x10c22</value>
         <object_component_ref idref="oc-7bb"/>
      </symbol>
      <symbol id="sm-691">
         <name>i2c_write</name>
         <value>0x10ce0</value>
         <object_component_ref idref="oc-7b5"/>
      </symbol>
      <symbol id="sm-6b3">
         <name>ADC_config</name>
         <value>0x10e26</value>
         <object_component_ref idref="oc-a36"/>
      </symbol>
      <symbol id="sm-6b4">
         <name>setup_mcu</name>
         <value>0x11390</value>
         <object_component_ref idref="oc-9c2"/>
      </symbol>
      <symbol id="sm-6bd">
         <name>__app_init</name>
         <value>0x1144c</value>
         <object_component_ref idref="oc-81e"/>
      </symbol>
      <symbol id="sm-6ce">
         <name>clear_interrupts</name>
         <value>0x1135a</value>
         <object_component_ref idref="oc-735"/>
      </symbol>
      <symbol id="sm-6cf">
         <name>enable_acc_interrupts</name>
         <value>0x1145e</value>
         <object_component_ref idref="oc-9b5"/>
      </symbol>
      <symbol id="sm-708">
         <name>timer_event</name>
         <value>0x1e00</value>
      </symbol>
      <symbol id="sm-709">
         <name>activity_int_count</name>
         <value>0x6286</value>
         <object_component_ref idref="oc-73b"/>
      </symbol>
      <symbol id="sm-70a">
         <name>__app_reboot</name>
         <value>0x114aa</value>
         <object_component_ref idref="oc-824"/>
      </symbol>
      <symbol id="sm-70b">
         <name>isr_PORT1_VECTOR</name>
         <value>0x6400</value>
         <object_component_ref idref="oc-6cb"/>
      </symbol>
      <symbol id="sm-70c">
         <name>__TI_int39</name>
         <value>0xffde</value>
         <object_component_ref idref="oc-a5"/>
      </symbol>
      <symbol id="sm-70d">
         <name>inactivity_int_count</name>
         <value>0x6288</value>
         <object_component_ref idref="oc-73b"/>
      </symbol>
      <symbol id="sm-70e">
         <name>thread1_count</name>
         <value>0x628a</value>
         <object_component_ref idref="oc-73b"/>
      </symbol>
      <symbol id="sm-70f">
         <name>thread1_init</name>
         <value>0x10fbe</value>
         <object_component_ref idref="oc-8a9"/>
      </symbol>
      <symbol id="sm-710">
         <name>class_stat</name>
         <value>0x628c</value>
         <object_component_ref idref="oc-924"/>
      </symbol>
      <symbol id="sm-78d">
         <name>acc_data</name>
         <value>0x1e0c</value>
      </symbol>
      <symbol id="sm-78e">
         <name>act</name>
         <value>0x629c</value>
         <object_component_ref idref="oc-9bf"/>
      </symbol>
      <symbol id="sm-78f">
         <name>isqr_Newton</name>
         <value>0x10c82</value>
         <object_component_ref idref="oc-a54"/>
      </symbol>
      <symbol id="sm-790">
         <name>thread2_init</name>
         <value>0x112c2</value>
         <object_component_ref idref="oc-8af"/>
      </symbol>
      <symbol id="sm-791">
         <name>thread2_count</name>
         <value>0x629e</value>
         <object_component_ref idref="oc-9bf"/>
      </symbol>
      <symbol id="sm-7eb">
         <name>counter</name>
         <value>0x1e12</value>
      </symbol>
      <symbol id="sm-7ec">
         <name>is</name>
         <value>0x1e14</value>
      </symbol>
      <symbol id="sm-7ed">
         <name>sampled_input</name>
         <value>0x1c00</value>
      </symbol>
      <symbol id="sm-7ee">
         <name>isr_ADC12_VECTOR</name>
         <value>0x64ca</value>
         <object_component_ref idref="oc-6d1"/>
      </symbol>
      <symbol id="sm-7ef">
         <name>__TI_int46</name>
         <value>0xffec</value>
         <object_component_ref idref="oc-ac"/>
      </symbol>
      <symbol id="sm-7f0">
         <name>transition_count</name>
         <value>0x62a2</value>
         <object_component_ref idref="oc-9d1"/>
      </symbol>
      <symbol id="sm-7f1">
         <name>thread3_count</name>
         <value>0x62a0</value>
         <object_component_ref idref="oc-9d1"/>
      </symbol>
      <symbol id="sm-7f2">
         <name>thread3_init</name>
         <value>0x112e2</value>
         <object_component_ref idref="oc-8b5"/>
      </symbol>
      <symbol id="sm-7f3">
         <name>tb_fftd</name>
         <value>0x2c00</value>
         <object_component_ref idref="oc-a62"/>
      </symbol>
      <symbol id="sm-82d">
         <name>thread4_init</name>
         <value>0x11320</value>
         <object_component_ref idref="oc-8bb"/>
      </symbol>
      <symbol id="sm-82e">
         <name>init</name>
         <value>0x62a4</value>
         <object_component_ref idref="oc-9e4"/>
      </symbol>
      <symbol id="sm-83e">
         <name>msp_lea_locked</name>
         <value>0x1e18</value>
      </symbol>
      <symbol id="sm-83f">
         <name>msp_lea_ifg</name>
         <value>0x1e16</value>
      </symbol>
      <symbol id="sm-848">
         <name>msp_lea_init</name>
         <value>0x10d8e</value>
         <object_component_ref idref="oc-a9b"/>
      </symbol>
      <symbol id="sm-852">
         <name>__TI_int18</name>
         <value>0xffb4</value>
         <object_component_ref idref="oc-90"/>
      </symbol>
      <symbol id="sm-853">
         <name>msp_lea_isr</name>
         <value>0x651e</value>
         <object_component_ref idref="oc-6ba"/>
      </symbol>
      <symbol id="sm-860">
         <name>msp_lea_getRevision</name>
         <value>0x10e6a</value>
         <object_component_ref idref="oc-a94"/>
      </symbol>
      <symbol id="sm-88f">
         <name>msp_cmplx_bitrev_q15</name>
         <value>0x102e2</value>
         <object_component_ref idref="oc-aa6"/>
      </symbol>
      <symbol id="sm-8ab">
         <name>msp_cmplx_fft_auto_q15</name>
         <value>0x10000</value>
         <object_component_ref idref="oc-a84"/>
      </symbol>
      <symbol id="sm-8bd">
         <name>msp_fft_auto_q15</name>
         <value>0x10ddc</value>
         <object_component_ref idref="oc-a65"/>
      </symbol>
      <symbol id="sm-8dd">
         <name>msp_split_q15</name>
         <value>0x1055a</value>
         <object_component_ref idref="oc-a8a"/>
      </symbol>
      <symbol id="sm-900">
         <name>msp_abs_q15</name>
         <value>0x11056</value>
         <object_component_ref idref="oc-a6b"/>
      </symbol>
      <symbol id="sm-92e">
         <name>msp_max_q15</name>
         <value>0x10172</value>
         <object_component_ref idref="oc-a71"/>
      </symbol>
      <symbol id="sm-945">
         <name>__TI_int19</name>
         <value>0xffb6</value>
         <object_component_ref idref="oc-91"/>
      </symbol>
      <symbol id="sm-94d">
         <name>__TI_ISR_TRAP</name>
         <value>0x654c</value>
         <object_component_ref idref="oc-6c0"/>
      </symbol>
      <symbol id="sm-950">
         <name>__TI_int20</name>
         <value>0xffb8</value>
         <object_component_ref idref="oc-92"/>
      </symbol>
      <symbol id="sm-953">
         <name>__TI_int21</name>
         <value>0xffba</value>
         <object_component_ref idref="oc-93"/>
      </symbol>
      <symbol id="sm-956">
         <name>__TI_int22</name>
         <value>0xffbc</value>
         <object_component_ref idref="oc-94"/>
      </symbol>
      <symbol id="sm-959">
         <name>__TI_int23</name>
         <value>0xffbe</value>
         <object_component_ref idref="oc-95"/>
      </symbol>
      <symbol id="sm-95c">
         <name>__TI_int24</name>
         <value>0xffc0</value>
         <object_component_ref idref="oc-96"/>
      </symbol>
      <symbol id="sm-95f">
         <name>__TI_int25</name>
         <value>0xffc2</value>
         <object_component_ref idref="oc-97"/>
      </symbol>
      <symbol id="sm-962">
         <name>__TI_int26</name>
         <value>0xffc4</value>
         <object_component_ref idref="oc-98"/>
      </symbol>
      <symbol id="sm-965">
         <name>__TI_int27</name>
         <value>0xffc6</value>
         <object_component_ref idref="oc-99"/>
      </symbol>
      <symbol id="sm-968">
         <name>__TI_int28</name>
         <value>0xffc8</value>
         <object_component_ref idref="oc-9a"/>
      </symbol>
      <symbol id="sm-96b">
         <name>__TI_int29</name>
         <value>0xffca</value>
         <object_component_ref idref="oc-9b"/>
      </symbol>
      <symbol id="sm-96e">
         <name>__TI_int30</name>
         <value>0xffcc</value>
         <object_component_ref idref="oc-9c"/>
      </symbol>
      <symbol id="sm-971">
         <name>__TI_int31</name>
         <value>0xffce</value>
         <object_component_ref idref="oc-9d"/>
      </symbol>
      <symbol id="sm-974">
         <name>__TI_int32</name>
         <value>0xffd0</value>
         <object_component_ref idref="oc-9e"/>
      </symbol>
      <symbol id="sm-977">
         <name>__TI_int33</name>
         <value>0xffd2</value>
         <object_component_ref idref="oc-9f"/>
      </symbol>
      <symbol id="sm-986">
         <name>__TI_int34</name>
         <value>0xffd4</value>
         <object_component_ref idref="oc-a0"/>
      </symbol>
      <symbol id="sm-987">
         <name>isr_TIMER3_A1_VECTOR</name>
         <value>0x653a</value>
         <object_component_ref idref="oc-6c5"/>
      </symbol>
      <symbol id="sm-988">
         <name>current_ticks</name>
         <value>0x6298</value>
         <object_component_ref idref="oc-731"/>
      </symbol>
      <symbol id="sm-98b">
         <name>__TI_int35</name>
         <value>0xffd6</value>
         <object_component_ref idref="oc-a1"/>
      </symbol>
      <symbol id="sm-98e">
         <name>__TI_int36</name>
         <value>0xffd8</value>
         <object_component_ref idref="oc-a2"/>
      </symbol>
      <symbol id="sm-991">
         <name>__TI_int37</name>
         <value>0xffda</value>
         <object_component_ref idref="oc-a3"/>
      </symbol>
      <symbol id="sm-994">
         <name>__TI_int38</name>
         <value>0xffdc</value>
         <object_component_ref idref="oc-a4"/>
      </symbol>
      <symbol id="sm-997">
         <name>__TI_int40</name>
         <value>0xffe0</value>
         <object_component_ref idref="oc-a6"/>
      </symbol>
      <symbol id="sm-99a">
         <name>__TI_int41</name>
         <value>0xffe2</value>
         <object_component_ref idref="oc-a7"/>
      </symbol>
      <symbol id="sm-99d">
         <name>__TI_int42</name>
         <value>0xffe4</value>
         <object_component_ref idref="oc-a8"/>
      </symbol>
      <symbol id="sm-9a0">
         <name>__TI_int43</name>
         <value>0xffe6</value>
         <object_component_ref idref="oc-a9"/>
      </symbol>
      <symbol id="sm-9a3">
         <name>__TI_int44</name>
         <value>0xffe8</value>
         <object_component_ref idref="oc-aa"/>
      </symbol>
      <symbol id="sm-9a6">
         <name>__TI_int45</name>
         <value>0xffea</value>
         <object_component_ref idref="oc-ab"/>
      </symbol>
      <symbol id="sm-9a9">
         <name>__TI_int47</name>
         <value>0xffee</value>
         <object_component_ref idref="oc-ad"/>
      </symbol>
      <symbol id="sm-9ac">
         <name>__TI_int48</name>
         <value>0xfff0</value>
         <object_component_ref idref="oc-ae"/>
      </symbol>
      <symbol id="sm-9af">
         <name>__TI_int49</name>
         <value>0xfff2</value>
         <object_component_ref idref="oc-af"/>
      </symbol>
      <symbol id="sm-9b2">
         <name>__TI_int50</name>
         <value>0xfff4</value>
         <object_component_ref idref="oc-b0"/>
      </symbol>
      <symbol id="sm-9b5">
         <name>__TI_int51</name>
         <value>0xfff6</value>
         <object_component_ref idref="oc-b1"/>
      </symbol>
      <symbol id="sm-9b8">
         <name>__TI_int52</name>
         <value>0xfff8</value>
         <object_component_ref idref="oc-b2"/>
      </symbol>
      <symbol id="sm-9bb">
         <name>__TI_int53</name>
         <value>0xfffa</value>
         <object_component_ref idref="oc-b3"/>
      </symbol>
      <symbol id="sm-9be">
         <name>__TI_int54</name>
         <value>0xfffc</value>
         <object_component_ref idref="oc-b4"/>
      </symbol>
      <symbol id="sm-9d1">
         <name>__TI_zero_init</name>
         <value>0x1127e</value>
         <object_component_ref idref="oc-6dd"/>
      </symbol>
      <symbol id="sm-a1e">
         <name>__start_thread</name>
         <value>0x11302</value>
         <object_component_ref idref="oc-751"/>
      </symbol>
      <symbol id="sm-a1f">
         <name>__scheduler_boot_init</name>
         <value>0x1125a</value>
         <object_component_ref idref="oc-812"/>
      </symbol>
      <symbol id="sm-a20">
         <name>__scheduler_run</name>
         <value>0x10916</value>
         <object_component_ref idref="oc-82a"/>
      </symbol>
      <symbol id="sm-a21">
         <name>__create_thread</name>
         <value>0x10bbe</value>
         <object_component_ref idref="oc-92d"/>
      </symbol>
      <symbol id="sm-a22">
         <name>__get_thread</name>
         <value>0x11470</value>
         <object_component_ref idref="oc-73e"/>
      </symbol>
      <symbol id="sm-a23">
         <name>__stop_thread</name>
         <value>0x113dc</value>
         <object_component_ref idref="oc-97d"/>
      </symbol>
      <symbol id="sm-a69">
         <name>__events_commit</name>
         <value>0x10b54</value>
         <object_component_ref idref="oc-8c3"/>
      </symbol>
      <symbol id="sm-a6a">
         <name>__release_event</name>
         <value>0x1116e</value>
         <object_component_ref idref="oc-96f"/>
      </symbol>
      <symbol id="sm-a6b">
         <name>__has_events</name>
         <value>0x111ea</value>
         <object_component_ref idref="oc-976"/>
      </symbol>
      <symbol id="sm-a6c">
         <name>__events_boot_init</name>
         <value>0x10ff2</value>
         <object_component_ref idref="oc-818"/>
      </symbol>
      <symbol id="sm-a6d">
         <name>__lock_event</name>
         <value>0x10f22</value>
         <object_component_ref idref="oc-968"/>
      </symbol>
      <symbol id="sm-a6e">
         <name>__event_buffer_full_ISR</name>
         <value>0x1133e</value>
         <object_component_ref idref="oc-745"/>
      </symbol>
      <symbol id="sm-a78">
         <name>__mspabi_remu</name>
         <value>0x1140c</value>
         <object_component_ref idref="oc-a7b"/>
      </symbol>
      <symbol id="sm-a79">
         <name>__mspabi_divu</name>
         <value>0x1140c</value>
         <object_component_ref idref="oc-a7b"/>
      </symbol>
      <symbol id="sm-a82">
         <name>__mspabi_mpyi_f5hw</name>
         <value>0x113f4</value>
         <object_component_ref idref="oc-7cb"/>
      </symbol>
      <symbol id="sm-ac9">
         <name>__perqueue_pop</name>
         <value>0x11088</value>
         <object_component_ref idref="oc-9f9"/>
      </symbol>
      <symbol id="sm-aca">
         <name>__perqueue_pop_commit</name>
         <value>0x11490</value>
         <object_component_ref idref="oc-9ff"/>
      </symbol>
      <symbol id="sm-acb">
         <name>__perqueue_init</name>
         <value>0x11376</value>
         <object_component_ref idref="oc-8a2"/>
      </symbol>
      <symbol id="sm-acc">
         <name>__perqueue_push</name>
         <value>0x10f56</value>
         <object_component_ref idref="oc-955"/>
      </symbol>
      <symbol id="sm-acd">
         <name>__perqueue_push_commit</name>
         <value>0x11498</value>
         <object_component_ref idref="oc-95b"/>
      </symbol>
      <symbol id="sm-ace">
         <name>__perqueue_is_full</name>
         <value>0x11236</value>
         <object_component_ref idref="oc-7d0"/>
      </symbol>
      <symbol id="sm-acf">
         <name>__perqueue_is_empty</name>
         <value>0x11480</value>
         <object_component_ref idref="oc-a05"/>
      </symbol>
      <symbol id="sm-aff">
         <name>__priority_remove</name>
         <value>0x11024</value>
         <object_component_ref idref="oc-a0b"/>
      </symbol>
      <symbol id="sm-b00">
         <name>__priority_insert</name>
         <value>0x111c2</value>
         <object_component_ref idref="oc-7ef"/>
      </symbol>
      <symbol id="sm-b01">
         <name>__priority_highest</name>
         <value>0x112a2</value>
         <object_component_ref idref="oc-8d5"/>
      </symbol>
      <symbol id="sm-b02">
         <name>__priority_init</name>
         <value>0x113c4</value>
         <object_component_ref idref="oc-898"/>
      </symbol>
      <symbol id="sm-b14">
         <name>__reboot_timers</name>
         <value>0x114ac</value>
         <object_component_ref idref="oc-8cf"/>
      </symbol>
      <symbol id="sm-b29">
         <name>__tick</name>
         <value>0x10690</value>
         <object_component_ref idref="oc-8c9"/>
      </symbol>
      <symbol id="sm-b32">
         <name>__dma_word_copy</name>
         <value>0x11144</value>
         <object_component_ref idref="oc-962"/>
      </symbol>
      <symbol id="sm-b42">
         <name>_c_int00_noargs_mpu</name>
         <value>0x64fe</value>
         <object_component_ref idref="oc-701"/>
      </symbol>
      <symbol id="sm-b43">
         <name>_stack</name>
         <value>0x2b60</value>
         <object_component_ref idref="oc-69b"/>
      </symbol>
      <symbol id="sm-b44">
         <name>_reset_vector</name>
         <value>0xfffe</value>
         <object_component_ref idref="oc-69e"/>
      </symbol>
      <symbol id="sm-b4d">
         <name>__mpu_init</name>
         <value>0x11118</value>
         <object_component_ref idref="oc-77e"/>
      </symbol>
      <symbol id="sm-b71">
         <name>__TI_auto_init_nobinit_nopinit_hold_wdt</name>
         <value>0x10d3a</value>
         <object_component_ref idref="oc-855"/>
      </symbol>
      <symbol id="sm-b7b">
         <name>_system_post_cinit</name>
         <value>0x114ae</value>
         <object_component_ref idref="oc-8ee"/>
      </symbol>
      <symbol id="sm-b84">
         <name>_system_pre_init</name>
         <value>0x114a6</value>
         <object_component_ref idref="oc-766"/>
      </symbol>
      <symbol id="sm-b94">
         <name>C$$EXIT</name>
         <value>0x114a0</value>
         <object_component_ref idref="oc-831"/>
      </symbol>
      <symbol id="sm-b95">
         <name>abort</name>
         <value>0x114a0</value>
         <object_component_ref idref="oc-831"/>
      </symbol>
      <symbol id="sm-ba6">
         <name>__inited</name>
         <value>0x5e39</value>
         <object_component_ref idref="oc-80f"/>
      </symbol>
      <symbol id="sm-ba7">
         <name>main</name>
         <value>0x11210</value>
         <object_component_ref idref="oc-76c"/>
      </symbol>
      <symbol id="sm-bb0">
         <name>__mcu_init</name>
         <value>0x10eae</value>
         <object_component_ref idref="oc-809"/>
      </symbol>
      <symbol id="sm-bbe">
         <name>memcpy</name>
         <value>0x11438</value>
         <object_component_ref idref="oc-6ad"/>
      </symbol>
      <symbol id="sm-bec">
         <name>_sys_memory</name>
         <value>0x62a8</value>
         <object_component_ref idref="oc-69f"/>
      </symbol>
   </symbol_table>
   <title>Link successful</title>
</link_info>
